Archive member included because of file (symbol)

d:/altera/13.1/nios2eds/bin/gnu/h-i686-mingw32/bin/../lib/gcc/nios2-elf/4.7.3/../../../../../H-i686-mingw32/nios2-elf/lib\libm.a(lib_a-sf_atan.o)
                              obj/default/HAL/main.o (atanf)
d:/altera/13.1/nios2eds/bin/gnu/h-i686-mingw32/bin/../lib/gcc/nios2-elf/4.7.3/../../../../../H-i686-mingw32/nios2-elf/lib\libm.a(lib_a-sf_fabs.o)
                              d:/altera/13.1/nios2eds/bin/gnu/h-i686-mingw32/bin/../lib/gcc/nios2-elf/4.7.3/../../../../../H-i686-mingw32/nios2-elf/lib\libm.a(lib_a-sf_atan.o) (fabsf)
d:/altera/13.1/nios2eds/bin/gnu/h-i686-mingw32/bin/../lib/gcc/nios2-elf/4.7.3\libgcc.a(_addsub_sf.o)
                              d:/altera/13.1/nios2eds/bin/gnu/h-i686-mingw32/bin/../lib/gcc/nios2-elf/4.7.3/../../../../../H-i686-mingw32/nios2-elf/lib\libm.a(lib_a-sf_atan.o) (__addsf3)
d:/altera/13.1/nios2eds/bin/gnu/h-i686-mingw32/bin/../lib/gcc/nios2-elf/4.7.3\libgcc.a(_mul_sf.o)
                              d:/altera/13.1/nios2eds/bin/gnu/h-i686-mingw32/bin/../lib/gcc/nios2-elf/4.7.3/../../../../../H-i686-mingw32/nios2-elf/lib\libm.a(lib_a-sf_atan.o) (__mulsf3)
d:/altera/13.1/nios2eds/bin/gnu/h-i686-mingw32/bin/../lib/gcc/nios2-elf/4.7.3\libgcc.a(_div_sf.o)
                              d:/altera/13.1/nios2eds/bin/gnu/h-i686-mingw32/bin/../lib/gcc/nios2-elf/4.7.3/../../../../../H-i686-mingw32/nios2-elf/lib\libm.a(lib_a-sf_atan.o) (__divsf3)
d:/altera/13.1/nios2eds/bin/gnu/h-i686-mingw32/bin/../lib/gcc/nios2-elf/4.7.3\libgcc.a(_gt_sf.o)
                              d:/altera/13.1/nios2eds/bin/gnu/h-i686-mingw32/bin/../lib/gcc/nios2-elf/4.7.3/../../../../../H-i686-mingw32/nios2-elf/lib\libm.a(lib_a-sf_atan.o) (__gtsf2)
d:/altera/13.1/nios2eds/bin/gnu/h-i686-mingw32/bin/../lib/gcc/nios2-elf/4.7.3\libgcc.a(_sf_to_df.o)
                              obj/default/HAL/main.o (__extendsfdf2)
d:/altera/13.1/nios2eds/bin/gnu/h-i686-mingw32/bin/../lib/gcc/nios2-elf/4.7.3\libgcc.a(_thenan_sf.o)
                              d:/altera/13.1/nios2eds/bin/gnu/h-i686-mingw32/bin/../lib/gcc/nios2-elf/4.7.3\libgcc.a(_addsub_sf.o) (__thenan_sf)
d:/altera/13.1/nios2eds/bin/gnu/h-i686-mingw32/bin/../lib/gcc/nios2-elf/4.7.3\libgcc.a(_mul_df.o)
                              obj/default/HAL/main.o (__muldf3)
d:/altera/13.1/nios2eds/bin/gnu/h-i686-mingw32/bin/../lib/gcc/nios2-elf/4.7.3\libgcc.a(_div_df.o)
                              obj/default/HAL/main.o (__divdf3)
d:/altera/13.1/nios2eds/bin/gnu/h-i686-mingw32/bin/../lib/gcc/nios2-elf/4.7.3\libgcc.a(_make_df.o)
                              d:/altera/13.1/nios2eds/bin/gnu/h-i686-mingw32/bin/../lib/gcc/nios2-elf/4.7.3\libgcc.a(_sf_to_df.o) (__make_dp)
d:/altera/13.1/nios2eds/bin/gnu/h-i686-mingw32/bin/../lib/gcc/nios2-elf/4.7.3\libgcc.a(_df_to_sf.o)
                              obj/default/HAL/main.o (__truncdfsf2)
d:/altera/13.1/nios2eds/bin/gnu/h-i686-mingw32/bin/../lib/gcc/nios2-elf/4.7.3\libgcc.a(_thenan_df.o)
                              d:/altera/13.1/nios2eds/bin/gnu/h-i686-mingw32/bin/../lib/gcc/nios2-elf/4.7.3\libgcc.a(_mul_df.o) (__thenan_df)
d:/altera/13.1/nios2eds/bin/gnu/h-i686-mingw32/bin/../lib/gcc/nios2-elf/4.7.3\libgcc.a(_muldi3.o)
                              d:/altera/13.1/nios2eds/bin/gnu/h-i686-mingw32/bin/../lib/gcc/nios2-elf/4.7.3\libgcc.a(_mul_sf.o) (__muldi3)
d:/altera/13.1/nios2eds/bin/gnu/h-i686-mingw32/bin/../lib/gcc/nios2-elf/4.7.3\libgcc.a(_pack_sf.o)
                              d:/altera/13.1/nios2eds/bin/gnu/h-i686-mingw32/bin/../lib/gcc/nios2-elf/4.7.3\libgcc.a(_addsub_sf.o) (__pack_f)
d:/altera/13.1/nios2eds/bin/gnu/h-i686-mingw32/bin/../lib/gcc/nios2-elf/4.7.3\libgcc.a(_unpack_sf.o)
                              d:/altera/13.1/nios2eds/bin/gnu/h-i686-mingw32/bin/../lib/gcc/nios2-elf/4.7.3\libgcc.a(_addsub_sf.o) (__unpack_f)
d:/altera/13.1/nios2eds/bin/gnu/h-i686-mingw32/bin/../lib/gcc/nios2-elf/4.7.3\libgcc.a(_fpcmp_parts_sf.o)
                              d:/altera/13.1/nios2eds/bin/gnu/h-i686-mingw32/bin/../lib/gcc/nios2-elf/4.7.3\libgcc.a(_gt_sf.o) (__fpcmp_parts_f)
d:/altera/13.1/nios2eds/bin/gnu/h-i686-mingw32/bin/../lib/gcc/nios2-elf/4.7.3\libgcc.a(_make_sf.o)
                              d:/altera/13.1/nios2eds/bin/gnu/h-i686-mingw32/bin/../lib/gcc/nios2-elf/4.7.3\libgcc.a(_df_to_sf.o) (__make_fp)
d:/altera/13.1/nios2eds/bin/gnu/h-i686-mingw32/bin/../lib/gcc/nios2-elf/4.7.3\libgcc.a(_pack_df.o)
                              d:/altera/13.1/nios2eds/bin/gnu/h-i686-mingw32/bin/../lib/gcc/nios2-elf/4.7.3\libgcc.a(_mul_df.o) (__pack_d)
d:/altera/13.1/nios2eds/bin/gnu/h-i686-mingw32/bin/../lib/gcc/nios2-elf/4.7.3\libgcc.a(_unpack_df.o)
                              d:/altera/13.1/nios2eds/bin/gnu/h-i686-mingw32/bin/../lib/gcc/nios2-elf/4.7.3\libgcc.a(_mul_df.o) (__unpack_d)
d:/altera/13.1/nios2eds/bin/gnu/h-i686-mingw32/bin/../lib/gcc/nios2-elf/4.7.3\libgcc.a(_lshrdi3.o)
[...]
Memory Configuration

Name             Origin             Length             Attributes
reset            0x00000000         0x00000020
epcs             0x00000020         0x000007e0
sdram_BEFORE_EXCEPTION 0x00800000         0x00000020
sdram            0x00800020         0x007fffe0
*default*        0x00000000         0xffffffff

Linker script and memory map

LOAD ../ad_nios_bsp//obj/HAL/src/crt0.o
LOAD obj/default/HAL/main.o
LOAD obj/default/HAL/src/var.o
LOAD d:/altera/13.1/nios2eds/bin/gnu/h-i686-mingw32/bin/../lib/gcc/nios2-elf/4.7.3/../../../../../H-i686-mingw32/nios2-elf/lib\libstdc++.a
LOAD d:/altera/13.1/nios2eds/bin/gnu/h-i686-mingw32/bin/../lib/gcc/nios2-elf/4.7.3/../../../../../H-i686-mingw32/nios2-elf/lib\libm.a
LOAD d:/altera/13.1/nios2eds/bin/gnu/h-i686-mingw32/bin/../lib/gcc/nios2-elf/4.7.3\libgcc.a
START GROUP
LOAD d:/altera/13.1/nios2eds/bin/gnu/h-i686-mingw32/bin/../lib/gcc/nios2-elf/4.7.3/../../../../../H-i686-mingw32/nios2-elf/lib\libc.a
LOAD d:/altera/13.1/nios2eds/bin/gnu/h-i686-mingw32/bin/../lib/gcc/nios2-elf/4.7.3\libgcc.a
LOAD ../ad_nios_bsp/\libhal_bsp.a
END GROUP
LOAD d:/altera/13.1/nios2eds/bin/gnu/h-i686-mingw32/bin/../lib/gcc/nios2-elf/4.7.3\libgcc.a
                0x00000000                __alt_mem_epcs = 0x0
                0x00800000                __alt_mem_sdram = 0x800000

.entry          0x00000000        0x0
 *(.entry)
 .entry         0x00000000        0x0 ../ad_nios_bsp//obj/HAL/src/crt0.o
                0x00000000                __reset

.exceptions     0x00800020      0x198
                0x00800020                PROVIDE (__ram_exceptions_start, ABSOLUTE (.))
                0x00800020                . = ALIGN (0x20)
 *(.irq)
 *(.exceptions.entry.label)
 .exceptions.entry.label
                0x00800020        0x0 ../ad_nios_bsp/\libhal_bsp.a(alt_irq_entry.o)
                0x00800020                alt_irq_entry
 .exceptions.entry.label
                0x00800020        0x0 ../ad_nios_bsp/\libhal_bsp.a(alt_exception_entry.o)
                0x00800020                alt_exception
 *(.exceptions.entry.user)
 *(.exceptions.entry.ecc_fatal)
 *(.exceptions.entry)
 .exceptions.entry
                0x00800020       0x54 ../ad_nios_bsp/\libhal_bsp.a(alt_exception_entry.o)
 *(.exceptions.irqtest.user)
 *(.exceptions.irqtest)
 .exceptions.irqtest
                0x00800074       0x10 ../ad_nios_bsp/\libhal_bsp.a(alt_irq_entry.o)
 *(.exceptions.irqhandler.user)
 *(.exceptions.irqhandler)
 .exceptions.irqhandler
                0x00800084        0x4 ../ad_nios_bsp/\libhal_bsp.a(alt_irq_entry.o)
 *(.exceptions.irqreturn.user)
 *(.exceptions.irqreturn)
 .exceptions.irqreturn
                0x00800088        0x4 ../ad_nios_bsp/\libhal_bsp.a(alt_irq_entry.o)
 *(.exceptions.notirq.label)
 .exceptions.notirq.label
                0x0080008c        0x0 ../ad_nios_bsp/\libhal_bsp.a(alt_irq_entry.o)
 *(.exceptions.notirq.user)
 *(.exceptions.notirq)
 .exceptions.notirq
                0x0080008c        0x8 ../ad_nios_bsp/\libhal_bsp.a(alt_exception_entry.o)
 *(.exceptions.soft.user)
 *(.exceptions.soft)
 *(.exceptions.unknown.user)
 *(.exceptions.unknown)
 .exceptions.unknown
                0x00800094        0x4 ../ad_nios_bsp/\libhal_bsp.a(alt_exception_entry.o)
 *(.exceptions.exit.label)
 .exceptions.exit.label
                0x00800098        0x0 ../ad_nios_bsp/\libhal_bsp.a(alt_irq_entry.o)
 .exceptions.exit.label
                0x00800098        0x0 ../ad_nios_bsp/\libhal_bsp.a(alt_exception_entry.o)
 *(.exceptions.exit.user)
 *(.exceptions.exit)
 .exceptions.exit
                0x00800098       0x54 ../ad_nios_bsp/\libhal_bsp.a(alt_exception_entry.o)
 *(.exceptions)
 .exceptions    0x008000ec       0xcc ../ad_nios_bsp/\libhal_bsp.a(alt_irq_handler.o)
                0x008000ec                alt_irq_handler
                0x008001b8                PROVIDE (__ram_exceptions_end, ABSOLUTE (.))
                0x00800020                PROVIDE (__flash_exceptions_start, LOADADDR (.exceptions))

.text           0x008001b8     0xf084
                0x008001b8                PROVIDE (stext, ABSOLUTE (.))
 *(.interp)
 *(.hash)
 *(.dynsym)
 *(.dynstr)
 *(.gnu.version)
 *(.gnu.version_d)
 *(.gnu.version_r)
 *(.rel.init)
 *(.rela.init)
 *(.rel.text .rel.text.* .rel.gnu.linkonce.t.*)
 *(.rela.text .rela.text.* .rela.gnu.linkonce.t.*)
 *(.rel.fini)
 *(.rela.fini)
 *(.rel.rodata .rel.rodata.* .rel.gnu.linkonce.r.*)
 *(.rela.rodata .rela.rodata.* .rela.gnu.linkonce.r.*)
 *(.rel.data .rel.data.* .rel.gnu.linkonce.d.*)
 *(.rela.data .rela.data.* .rela.gnu.linkonce.d.*)
 *(.rel.tdata .rel.tdata.* .rel.gnu.linkonce.td.*)
 *(.rela.tdata .rela.tdata.* .rela.gnu.linkonce.td.*)
 *(.rel.tbss .rel.tbss.* .rel.gnu.linkonce.tb.*)
 *(.rela.tbss .rela.tbss.* .rela.gnu.linkonce.tb.*)
 *(.rel.ctors)
 *(.rela.ctors)
 *(.rel.dtors)
 *(.rela.dtors)
 *(.rel.got)
 *(.rela.got)
 *(.rel.sdata .rel.sdata.* .rel.gnu.linkonce.s.*)
 *(.rela.sdata .rela.sdata.* .rela.gnu.linkonce.s.*)
 *(.rel.sbss .rel.sbss.* .rel.gnu.linkonce.sb.*)
 *(.rela.sbss .rela.sbss.* .rela.gnu.linkonce.sb.*)
 *(.rel.sdata2 .rel.sdata2.* .rel.gnu.linkonce.s2.*)
 *(.rela.sdata2 .rela.sdata2.* .rela.gnu.linkonce.s2.*)
 *(.rel.sbss2 .rel.sbss2.* .rel.gnu.linkonce.sb2.*)
 *(.rela.sbss2 .rela.sbss2.* .rela.gnu.linkonce.sb2.*)
 *(.rel.bss .rel.bss.* .rel.gnu.linkonce.b.*)
 *(.rela.bss .rela.bss.* .rela.gnu.linkonce.b.*)
 *(.rel.plt)
 *(.rela.plt)
 *(.rel.dyn)
 *(.init)
 *(.plt)
 *(.text .stub .text.* .gnu.linkonce.t.*)
 .text          0x008001b8       0x48 ../ad_nios_bsp//obj/HAL/src/crt0.o
                0x008001b8                _start
 .text          0x00800200      0x43c obj/default/HAL/main.o
                0x00800200                main
                0x00800614                fifo_isr
 .text          0x0080063c        0x0 obj/default/HAL/src/var.o
 .text          0x0080063c      0x3a8 d:/altera/13.1/nios2eds/bin/gnu/h-i686-mingw32/bin/../lib/gcc/nios2-elf/4.7.3/../../../../../H-i686-mingw32/nios2-elf/lib\libm.a(lib_a-sf_atan.o)
                0x0080063c                atanf
 .text          0x008009e4       0x10 d:/altera/13.1/nios2eds/bin/gnu/h-i686-mingw32/bin/../lib/gcc/nios2-elf/4.7.3/../../../../../H-i686-mingw32/nios2-elf/lib\libm.a(lib_a-sf_fabs.o)
                0x008009e4                fabsf
 .text          0x008009f4      0x298 d:/altera/13.1/nios2eds/bin/gnu/h-i686-mingw32/bin/../lib/gcc/nios2-elf/4.7.3\libgcc.a(_addsub_sf.o)
                0x00800be8                __addsf3
                0x00800c34                __subsf3
 .text          0x00800c8c      0x190 d:/altera/13.1/nios2eds/bin/gnu/h-i686-mingw32/bin/../lib/gcc/nios2-elf/4.7.3\libgcc.a(_mul_sf.o)
                0x00800c8c                __mulsf3
 .text          0x00800e1c      0x13c d:/altera/13.1/nios2eds/bin/gnu/h-i686-mingw32/bin/../lib/gcc/nios2-elf/4.7.3\libgcc.a(_div_sf.o)
                0x00800e1c                __divsf3
 .text          0x00800f58       0x5c d:/altera/13.1/nios2eds/bin/gnu/h-i686-mingw32/bin/../lib/gcc/nios2-elf/4.7.3\libgcc.a(_gt_sf.o)
                0x00800f58                __gtsf2
 .text          0x00800fb4       0x44 d:/altera/13.1/nios2eds/bin/gnu/h-i686-mingw32/bin/../lib/gcc/nios2-elf/4.7.3\libgcc.a(_sf_to_df.o)
                0x00800fb4                __extendsfdf2
 .text          0x00800ff8        0x0 d:/altera/13.1/nios2eds/bin/gnu/h-i686-mingw32/bin/../lib/gcc/nios2-elf/4.7.3\libgcc.a(_thenan_sf.o)
 .text          0x00800ff8      0x2e4 d:/altera/13.1/nios2eds/bin/gnu/h-i686-mingw32/bin/../lib/gcc/nios2-elf/4.7.3\libgcc.a(_mul_df.o)
                0x00800ff8                __muldf3
 .text          0x008012dc      0x1b4 d:/altera/13.1/nios2eds/bin/gnu/h-i686-mingw32/bin/../lib/gcc/nios2-elf/4.7.3\libgcc.a(_div_df.o)
                0x008012dc                __divdf3
 .text          0x00801490       0x38 d:/altera/13.1/nios2eds/bin/gnu/h-i686-mingw32/bin/../lib/gcc/nios2-elf/4.7.3\libgcc.a(_make_df.o)
                0x00801490                __make_dp
 .text          0x008014c8       0x60 d:/altera/13.1/nios2eds/bin/gnu/h-i686-mingw32/bin/../lib/gcc/nios2-elf/4.7.3\libgcc.a(_df_to_sf.o)
                0x008014c8                __truncdfsf2
 .text          0x00801528        0x0 d:/altera/13.1/nios2eds/bin/gnu/h-i686-mingw32/bin/../lib/gcc/nios2-elf/4.7.3\libgcc.a(_thenan_df.o)
 .text          0x00801528       0x60 d:/altera/13.1/nios2eds/bin/gnu/h-i686-mingw32/bin/../lib/gcc/nios2-elf/4.7.3\libgcc.a(_muldi3.o)
                0x00801528                __muldi3
 .text          0x00801588      0x12c d:/altera/13.1/nios2eds/bin/gnu/h-i686-mingw32/bin/../lib/gcc/nios2-elf/4.7.3\libgcc.a(_pack_sf.o)
                0x00801588                __pack_f
 .text          0x008016b4       0xc8 d:/altera/13.1/nios2eds/bin/gnu/h-i686-mingw32/bin/../lib/gcc/nios2-elf/4.7.3\libgcc.a(_unpack_sf.o)
                0x008016b4                __unpack_f
 .text          0x0080177c       0xbc d:/altera/13.1/nios2eds/bin/gnu/h-i686-mingw32/bin/../lib/gcc/nios2-elf/4.7.3\libgcc.a(_fpcmp_parts_sf.o)
                0x0080177c                __fpcmp_parts_f
 .text          0x00801838       0x2c d:/altera/13.1/nios2eds/bin/gnu/h-i686-mingw32/bin/../lib/gcc/nios2-elf/4.7.3\libgcc.a(_make_sf.o)
                0x00801838                __make_fp
 .text          0x00801864      0x224 d:/altera/13.1/nios2eds/bin/gnu/h-i686-mingw32/bin/../lib/gcc/nios2-elf/4.7.3\libgcc.a(_pack_df.o)
                0x00801864                __pack_d
 .text          0x00801a88      0x104 d:/altera/13.1/nios2eds/bin/gnu/h-i686-mingw32/bin/../lib/gcc/nios2-elf/4.7.3\libgcc.a(_unpack_df.o)
                0x00801a88                __unpack_d
 .text          0x00801b8c       0x44 d:/altera/13.1/nios2eds/bin/gnu/h-i686-mingw32/bin/../lib/gcc/nios2-elf/4.7.3\libgcc.a(_lshrdi3.o)
                0x00801b8c                __lshrdi3
 .text          0x00801bd0       0x44 d:/altera/13.1/nios2eds/bin/gnu/h-i686-mingw32/bin/../lib/gcc/nios2-elf/4.7.3\libgcc.a(_ashldi3.o)
                0x00801bd0                __ashldi3
 .text          0x00801c14       0x68 d:/altera/13.1/nios2eds/bin/gnu/h-i686-mingw32/bin/../lib/gcc/nios2-elf/4.7.3/../../../../../H-i686-mingw32/nios2-elf/lib\libc.a(lib_a-printf.o)
                0x00801c14                _printf_r
                0x00801c40                printf
 .text          0x00801c7c     0x1e50 d:/altera/13.1/nios2eds/bin/gnu/h-i686-mingw32/bin/../lib/gcc/nios2-elf/4.7.3/../../../../../H-i686-mingw32/nios2-elf/lib\libc.a(lib_a-vfprintf.o)
                0x00801cb0                ___vfprintf_internal_r
                0x00803aa8                __vfprintf_internal
 .text          0x00803acc      0x174 d:/altera/13.1/nios2eds/bin/gnu/h-i686-mingw32/bin/../lib/gcc/nios2-elf/4.7.3/../../../../../H-i686-mingw32/nios2-elf/lib\libc.a(lib_a-wsetup.o)
                0x00803acc                __swsetup_r
 .text          0x00803c40     0x1824 d:/altera/13.1/nios2eds/bin/gnu/h-i686-mingw32/bin/../lib/gcc/nios2-elf/4.7.3/../../../../../H-i686-mingw32/nios2-elf/lib\libc.a(lib_a-dtoa.o)
                0x00803e48                _dtoa_r
 .text          0x00805464      0x218 d:/altera/13.1/nios2eds/bin/gnu/h-i686-mingw32/bin/../lib/gcc/nios2-elf/4.7.3/../../../../../H-i686-mingw32/nios2-elf/lib\libc.a(lib_a-fflush.o)
                0x00805464                _fflush_r
                0x0080564c                fflush
 .text          0x0080567c      0x2d8 d:/altera/13.1/nios2eds/bin/gnu/h-i686-mingw32/bin/../lib/gcc/nios2-elf/4.7.3/../../../../../H-i686-mingw32/nios2-elf/lib\libc.a(lib_a-findfp.o)
                0x0080568c                _cleanup_r
                0x00805698                __sfmoreglue
                0x008056fc                _cleanup
                0x0080570c                __sinit
                0x00805818                __sfp
                0x00805914                __sfp_lock_acquire
                0x00805918                __sfp_lock_release
                0x0080591c                __sinit_lock_acquire
                0x00805920                __sinit_lock_release
                0x00805924                __fp_lock_all
                0x0080593c                __fp_unlock_all
 .text          0x00805954      0x40c d:/altera/13.1/nios2eds/bin/gnu/h-i686-mingw32/bin/../lib/gcc/nios2-elf/4.7.3/../../../../../H-i686-mingw32/nios2-elf/lib\libc.a(lib_a-freer.o)
                0x00805954                _malloc_trim_r
                0x00805a90                _free_r
 .text          0x00805d60      0x4e4 d:/altera/13.1/nios2eds/bin/gnu/h-i686-mingw32/bin/../lib/gcc/nios2-elf/4.7.3/../../../../../H-i686-mingw32/nios2-elf/lib\libc.a(lib_a-fvwrite.o)
                0x00805d60                __sfvwrite_r
 .text          0x00806244      0x160 d:/altera/13.1/nios2eds/bin/gnu/h-i686-mingw32/bin/../lib/gcc/nios2-elf/4.7.3/../../../../../H-i686-mingw32/nios2-elf/lib\libc.a(lib_a-fwalk.o)
                0x00806244                _fwalk
                0x008062ec                _fwalk_reent
 .text          0x008063a4        0x0 d:/altera/13.1/nios2eds/bin/gnu/h-i686-mingw32/bin/../lib/gcc/nios2-elf/4.7.3/../../../../../H-i686-mingw32/nios2-elf/lib\libc.a(lib_a-impure.o)
 .text          0x008063a4       0xdc d:/altera/13.1/nios2eds/bin/gnu/h-i686-mingw32/bin/../lib/gcc/nios2-elf/4.7.3/../../../../../H-i686-mingw32/nios2-elf/lib\libc.a(lib_a-locale.o)
                0x008063a4                _setlocale_r
                0x00806440                __locale_charset
                0x0080644c                _localeconv_r
                0x00806458                setlocale
                0x00806474                localeconv
 .text          0x00806480      0x1a8 d:/altera/13.1/nios2eds/bin/gnu/h-i686-mingw32/bin/../lib/gcc/nios2-elf/4.7.3/../../../../../H-i686-mingw32/nios2-elf/lib\libc.a(lib_a-makebuf.o)
                0x00806480                __smakebuf_r
 .text          0x00806628      0x784 d:/altera/13.1/nios2eds/bin/gnu/h-i686-mingw32/bin/../lib/gcc/nios2-elf/4.7.3/../../../../../H-i686-mingw32/nios2-elf/lib\libc.a(lib_a-mallocr.o)
                0x00806628                _malloc_r
 .text          0x00806dac       0xf8 d:/altera/13.1/nios2eds/bin/gnu/h-i686-mingw32/bin/../lib/gcc/nios2-elf/4.7.3/../../../../../H-i686-mingw32/nios2-elf/lib\libc.a(lib_a-memchr.o)
                0x00806dac                memchr
 .text          0x00806ea4       0xf8 d:/altera/13.1/nios2eds/bin/gnu/h-i686-mingw32/bin/../lib/gcc/nios2-elf/4.7.3/../../../../../H-i686-mingw32/nios2-elf/lib\libc.a(lib_a-memcpy.o)
                0x00806ea4                memcpy
 .text          0x00806f9c      0x128 d:/altera/13.1/nios2eds/bin/gnu/h-i686-mingw32/bin/../lib/gcc/nios2-elf/4.7.3/../../../../../H-i686-mingw32/nios2-elf/lib\libc.a(lib_a-memmove.o)
                0x00806f9c                memmove
 .text          0x008070c4       0xdc d:/altera/13.1/nios2eds/bin/gnu/h-i686-mingw32/bin/../lib/gcc/nios2-elf/4.7.3/../../../../../H-i686-mingw32/nios2-elf/lib\libc.a(lib_a-memset.o)
                0x008070c4                memset
 .text          0x008071a0      0xfa8 d:/altera/13.1/nios2eds/bin/gnu/h-i686-mingw32/bin/../lib/gcc/nios2-elf/4.7.3/../../../../../H-i686-mingw32/nios2-elf/lib\libc.a(lib_a-mprec.o)
                0x008071a0                _Balloc
                0x00807248                _Bfree
                0x00807270                __multadd
                0x00807384                __s2b
                0x00807488                __hi0bits
                0x008074f0                __lo0bits
                0x008075a0                __i2b
                0x008075dc                __multiply
                0x008077bc                __pow5mult
                0x008078e8                __lshift
                0x00807a44                __mcmp
                0x00807a9c                __mdiff
                0x00807c44                __ulp
                0x00807ca4                __b2d
                0x00807dec                __d2b
                0x00807f30                __ratio
                0x00807fd4                _mprec_log10
                0x00808048                __copybits
                0x008080c4                __any_on
 .text          0x00808148      0x5fc d:/altera/13.1/nios2eds/bin/gnu/h-i686-mingw32/bin/../lib/gcc/nios2-elf/4.7.3/../../../../../H-i686-mingw32/nios2-elf/lib\libc.a(lib_a-reallocr.o)
                0x00808148                _realloc_r
 .text          0x00808744       0x38 d:/altera/13.1/nios2eds/bin/gnu/h-i686-mingw32/bin/../lib/gcc/nios2-elf/4.7.3/../../../../../H-i686-mingw32/nios2-elf/lib\libc.a(lib_a-s_isinfd.o)
                0x00808744                __isinfd
 .text          0x0080877c       0x2c d:/altera/13.1/nios2eds/bin/gnu/h-i686-mingw32/bin/../lib/gcc/nios2-elf/4.7.3/../../../../../H-i686-mingw32/nios2-elf/lib\libc.a(lib_a-s_isnand.o)
                0x0080877c                __isnand
 .text          0x008087a8       0x64 d:/altera/13.1/nios2eds/bin/gnu/h-i686-mingw32/bin/../lib/gcc/nios2-elf/4.7.3/../../../../../H-i686-mingw32/nios2-elf/lib\libc.a(lib_a-sbrkr.o)
                0x008087a8                _sbrk_r
 .text          0x0080880c      0x140 d:/altera/13.1/nios2eds/bin/gnu/h-i686-mingw32/bin/../lib/gcc/nios2-elf/4.7.3/../../../../../H-i686-mingw32/nios2-elf/lib\libc.a(lib_a-stdio.o)
                0x0080880c                __sread
                0x00808860                __swrite
                0x008088e8                __sseek
                0x00808944                __sclose
 .text          0x0080894c       0xa4 d:/altera/13.1/nios2eds/bin/gnu/h-i686-mingw32/bin/../lib/gcc/nios2-elf/4.7.3/../../../../../H-i686-mingw32/nios2-elf/lib\libc.a(lib_a-strcmp.o)
                0x0080894c                strcmp
 .text          0x008089f0       0x8c d:/altera/13.1/nios2eds/bin/gnu/h-i686-mingw32/bin/../lib/gcc/nios2-elf/4.7.3/../../../../../H-i686-mingw32/nios2-elf/lib\libc.a(lib_a-strlen.o)
                0x008089f0                strlen
 .text          0x00808a7c       0x6c d:/altera/13.1/nios2eds/bin/gnu/h-i686-mingw32/bin/../lib/gcc/nios2-elf/4.7.3/../../../../../H-i686-mingw32/nios2-elf/lib\libc.a(lib_a-writer.o)
                0x00808a7c                _write_r
 .text          0x00808ae8       0xbc d:/altera/13.1/nios2eds/bin/gnu/h-i686-mingw32/bin/../lib/gcc/nios2-elf/4.7.3/../../../../../H-i686-mingw32/nios2-elf/lib\libc.a(lib_a-callocr.o)
                0x00808ae8                _calloc_r
 .text          0x00808ba4       0x64 d:/altera/13.1/nios2eds/bin/gnu/h-i686-mingw32/bin/../lib/gcc/nios2-elf/4.7.3/../../../../../H-i686-mingw32/nios2-elf/lib\libc.a(lib_a-closer.o)
                0x00808ba4                _close_r
 .text          0x00808c08      0x150 d:/altera/13.1/nios2eds/bin/gnu/h-i686-mingw32/bin/../lib/gcc/nios2-elf/4.7.3/../../../../../H-i686-mingw32/nios2-elf/lib\libc.a(lib_a-fclose.o)
                0x00808c08                _fclose_r
                0x00808d44                fclose
 .text          0x00808d58       0x68 d:/altera/13.1/nios2eds/bin/gnu/h-i686-mingw32/bin/../lib/gcc/nios2-elf/4.7.3/../../../../../H-i686-mingw32/nios2-elf/lib\libc.a(lib_a-fstatr.o)
                0x00808d58                _fstat_r
 .text          0x00808dc0        0x0 d:/altera/13.1/nios2eds/bin/gnu/h-i686-mingw32/bin/../lib/gcc/nios2-elf/4.7.3/../../../../../H-i686-mingw32/nios2-elf/lib\libc.a(lib_a-int_errno.o)
 .text          0x00808dc0       0x64 d:/altera/13.1/nios2eds/bin/gnu/h-i686-mingw32/bin/../lib/gcc/nios2-elf/4.7.3/../../../../../H-i686-mingw32/nios2-elf/lib\libc.a(lib_a-isattyr.o)
                0x00808dc0                _isatty_r
 .text          0x00808e24       0x6c d:/altera/13.1/nios2eds/bin/gnu/h-i686-mingw32/bin/../lib/gcc/nios2-elf/4.7.3/../../../../../H-i686-mingw32/nios2-elf/lib\libc.a(lib_a-lseekr.o)
                0x00808e24                _lseek_r
 .text          0x00808e90       0x6c d:/altera/13.1/nios2eds/bin/gnu/h-i686-mingw32/bin/../lib/gcc/nios2-elf/4.7.3/../../../../../H-i686-mingw32/nios2-elf/lib\libc.a(lib_a-readr.o)
                0x00808e90                _read_r
 .text          0x00808efc      0x5c8 d:/altera/13.1/nios2eds/bin/gnu/h-i686-mingw32/bin/../lib/gcc/nios2-elf/4.7.3\libgcc.a(_udivdi3.o)
                0x00808efc                __udivdi3
 .text          0x008094c4      0x58c d:/altera/13.1/nios2eds/bin/gnu/h-i686-mingw32/bin/../lib/gcc/nios2-elf/4.7.3\libgcc.a(_umoddi3.o)
                0x008094c4                __umoddi3
 .text          0x00809a50      0x408 d:/altera/13.1/nios2eds/bin/gnu/h-i686-mingw32/bin/../lib/gcc/nios2-elf/4.7.3\libgcc.a(_addsub_df.o)
                0x00809da4                __adddf3
                0x00809df8                __subdf3
 .text          0x00809e58       0x5c d:/altera/13.1/nios2eds/bin/gnu/h-i686-mingw32/bin/../lib/gcc/nios2-elf/4.7.3\libgcc.a(_eq_df.o)
                0x00809e58                __eqdf2
 .text          0x00809eb4       0x5c d:/altera/13.1/nios2eds/bin/gnu/h-i686-mingw32/bin/../lib/gcc/nios2-elf/4.7.3\libgcc.a(_ne_df.o)
                0x00809eb4                __nedf2
 .text          0x00809f10       0x64 d:/altera/13.1/nios2eds/bin/gnu/h-i686-mingw32/bin/../lib/gcc/nios2-elf/4.7.3\libgcc.a(_gt_df.o)
                0x00809f10                __gtdf2
 .text          0x00809f74       0x64 d:/altera/13.1/nios2eds/bin/gnu/h-i686-mingw32/bin/../lib/gcc/nios2-elf/4.7.3\libgcc.a(_ge_df.o)
                0x00809f74                __gedf2
 .text          0x00809fd8       0x5c d:/altera/13.1/nios2eds/bin/gnu/h-i686-mingw32/bin/../lib/gcc/nios2-elf/4.7.3\libgcc.a(_lt_df.o)
                0x00809fd8                __ltdf2
 .text          0x0080a034       0xd4 d:/altera/13.1/nios2eds/bin/gnu/h-i686-mingw32/bin/../lib/gcc/nios2-elf/4.7.3\libgcc.a(_si_to_df.o)
                0x0080a034                __floatsidf
 .text          0x0080a108       0xd4 d:/altera/13.1/nios2eds/bin/gnu/h-i686-mingw32/bin/../lib/gcc/nios2-elf/4.7.3\libgcc.a(_df_to_si.o)
                0x0080a108                __fixdfsi
 .text          0x0080a1dc      0x11c d:/altera/13.1/nios2eds/bin/gnu/h-i686-mingw32/bin/../lib/gcc/nios2-elf/4.7.3\libgcc.a(_usi_to_df.o)
                0x0080a1dc                __floatunsidf
 .text          0x0080a2f8      0x130 d:/altera/13.1/nios2eds/bin/gnu/h-i686-mingw32/bin/../lib/gcc/nios2-elf/4.7.3\libgcc.a(lib2-divmod.o)
                0x0080a36c                __divsi3
                0x0080a3bc                __modsi3
                0x0080a418                __udivsi3
                0x0080a420                __umodsi3
 .text          0x0080a428        0x0 d:/altera/13.1/nios2eds/bin/gnu/h-i686-mingw32/bin/../lib/gcc/nios2-elf/4.7.3\libgcc.a(_clz.o)
 .text          0x0080a428       0xac d:/altera/13.1/nios2eds/bin/gnu/h-i686-mingw32/bin/../lib/gcc/nios2-elf/4.7.3\libgcc.a(_clzsi2.o)
                0x0080a428                __clzsi2
 .text          0x0080a4d4       0xd0 d:/altera/13.1/nios2eds/bin/gnu/h-i686-mingw32/bin/../lib/gcc/nios2-elf/4.7.3\libgcc.a(_fpcmp_parts_df.o)
                0x0080a4d4                __fpcmp_parts_d
 .text          0x0080a5a4      0x118 ../ad_nios_bsp/\libhal_bsp.a(alt_close.o)
                0x0080a5f4                close
 .text          0x0080a6bc       0x2c ../ad_nios_bsp/\libhal_bsp.a(alt_dev.o)
 .text          0x0080a6e8        0x0 ../ad_nios_bsp/\libhal_bsp.a(alt_errno.o)
 .text          0x0080a6e8       0xfc ../ad_nios_bsp/\libhal_bsp.a(alt_fstat.o)
                0x0080a738                fstat
 .text          0x0080a7e4      0x1d8 ../ad_nios_bsp/\libhal_bsp.a(alt_iic.o)
                0x0080a7e4                alt_ic_isr_register
                0x0080a834                alt_ic_irq_enable
                0x0080a8d0                alt_ic_irq_disable
                0x0080a970                alt_ic_irq_enabled
 .text          0x0080a9bc       0xf0 ../ad_nios_bsp/\libhal_bsp.a(alt_iic_isr_register.o)
                0x0080a9bc                alt_iic_isr_register
 .text          0x0080aaac        0x0 ../ad_nios_bsp/\libhal_bsp.a(alt_irq_entry.o)
 .text          0x0080aaac        0x0 ../ad_nios_bsp/\libhal_bsp.a(alt_irq_handler.o)
 .text          0x0080aaac        0x0 ../ad_nios_bsp/\libhal_bsp.a(alt_irq_vars.o)
 .text          0x0080aaac       0xf0 ../ad_nios_bsp/\libhal_bsp.a(alt_isatty.o)
                0x0080aafc                isatty
 .text          0x0080ab9c      0x120 ../ad_nios_bsp/\libhal_bsp.a(alt_lseek.o)
                0x0080abec                lseek
 .text          0x0080acbc       0x68 ../ad_nios_bsp/\libhal_bsp.a(alt_main.o)
                0x0080acbc                alt_main
 .text          0x0080ad24       0x40 ../ad_nios_bsp/\libhal_bsp.a(alt_malloc_lock.o)
                0x0080ad24                __malloc_lock
                0x0080ad44                __malloc_unlock
 .text          0x0080ad64      0x140 ../ad_nios_bsp/\libhal_bsp.a(alt_read.o)
                0x0080adb4                read
 .text          0x0080aea4       0x60 ../ad_nios_bsp/\libhal_bsp.a(alt_release_fd.o)
                0x0080aea4                alt_release_fd
 .text          0x0080af04       0xb0 ../ad_nios_bsp/\libhal_bsp.a(alt_sbrk.o)
                0x0080af04                sbrk
 .text          0x0080afb4       0x30 ../ad_nios_bsp/\libhal_bsp.a(alt_usleep.o)
                0x0080afb4                usleep
 .text          0x0080afe4      0x13c ../ad_nios_bsp/\libhal_bsp.a(alt_write.o)
                0x0080b034                write
 .text          0x0080b120      0x104 ../ad_nios_bsp/\libhal_bsp.a(alt_sys_init.o)
                0x0080b158                alt_irq_init
                0x0080b18c                alt_sys_init
 .text          0x0080b224      0x990 ../ad_nios_bsp/\libhal_bsp.a(altera_avalon_epcs_flash_controller.o)
                0x0080b25c                alt_epcs_flash_init
                0x0080b624                alt_epcs_flash_write
                0x0080b884                alt_epcs_flash_get_info
                0x0080b9a4                alt_epcs_flash_erase_block
                0x0080ba18                alt_epcs_flash_write_block
                0x0080bb1c                alt_epcs_flash_read
 .text          0x0080bbb4      0x4f0 ../ad_nios_bsp/\libhal_bsp.a(altera_avalon_fifo_util.o)
                0x0080bbb4                altera_avalon_fifo_init
                0x0080bc4c                altera_avalon_fifo_read_status
                0x0080bc88                altera_avalon_fifo_read_ienable
                0x0080bcc4                altera_avalon_fifo_read_almostfull
                0x0080bcf0                altera_avalon_fifo_read_almostempty
                0x0080bd1c                altera_avalon_fifo_read_event
                0x0080bd58                altera_avalon_fifo_read_level
                0x0080bd80                altera_avalon_fifo_clear_event
                0x0080bddc                altera_avalon_fifo_write_ienable
                0x0080be34                altera_avalon_fifo_write_almostfull
                0x0080be8c                altera_avalon_fifo_write_almostempty
                0x0080bee4                altera_avalon_fifo_write_fifo
                0x0080bf3c                altera_avalon_read_fifo
                0x0080bfa8                altera_avalon_fifo_read_fifo
                0x0080bff4                altera_avalon_fifo_write_other_info
                0x0080c050                altera_avalon_fifo_read_other_info
                0x0080c07c                altera_avalon_fifo_read_backpressure
 .text          0x0080c0a4      0x164 ../ad_nios_bsp/\libhal_bsp.a(altera_avalon_jtag_uart_fd.o)
                0x0080c0a4                altera_avalon_jtag_uart_read_fd
                0x0080c104                altera_avalon_jtag_uart_write_fd
                0x0080c164                altera_avalon_jtag_uart_close_fd
                0x0080c1b4                altera_avalon_jtag_uart_ioctl_fd
 .text          0x0080c208      0x3d0 ../ad_nios_bsp/\libhal_bsp.a(altera_avalon_jtag_uart_init.o)
                0x0080c208                altera_avalon_jtag_uart_init
                0x0080c570                altera_avalon_jtag_uart_close
 .text          0x0080c5d8       0xf4 ../ad_nios_bsp/\libhal_bsp.a(altera_avalon_jtag_uart_ioctl.o)
                0x0080c5d8                altera_avalon_jtag_uart_ioctl
 .text          0x0080c6cc      0x218 ../ad_nios_bsp/\libhal_bsp.a(altera_avalon_jtag_uart_read.o)
                0x0080c6cc                altera_avalon_jtag_uart_read
 .text          0x0080c8e4      0x224 ../ad_nios_bsp/\libhal_bsp.a(altera_avalon_jtag_uart_write.o)
                0x0080c8e4                altera_avalon_jtag_uart_write
 .text          0x0080cb08       0xfc ../ad_nios_bsp/\libhal_bsp.a(altera_avalon_timer_sc.o)
                0x0080cb7c                alt_avalon_timer_sc_init
 .text          0x0080cc04      0x110 ../ad_nios_bsp/\libhal_bsp.a(altera_avalon_uart_fd.o)
                0x0080cc04                altera_avalon_uart_read_fd
                0x0080cc64                altera_avalon_uart_write_fd
                0x0080ccc4                altera_avalon_uart_close_fd
 .text          0x0080cd14      0x3a8 ../ad_nios_bsp/\libhal_bsp.a(altera_avalon_uart_init.o)
                0x0080cd14                altera_avalon_uart_init
                0x0080d068                altera_avalon_uart_close
 .text          0x0080d0bc      0x254 ../ad_nios_bsp/\libhal_bsp.a(altera_avalon_uart_read.o)
                0x0080d10c                altera_avalon_uart_read
 .text          0x0080d310      0x1f8 ../ad_nios_bsp/\libhal_bsp.a(altera_avalon_uart_write.o)
                0x0080d360                altera_avalon_uart_write
 .text          0x0080d508      0x628 ../ad_nios_bsp/\libhal_bsp.a(altera_hostfs.o)
                0x0080d508                alt_hostfs_open
                0x0080d674                alt_hostfs_close
                0x0080d6e0                alt_hostfs_read
                0x0080d798                alt_hostfs_write
                0x0080d850                alt_hostfs_seek
                0x0080d908                alt_hostfs_fstat
 .text          0x0080db30      0x624 ../ad_nios_bsp/\libhal_bsp.a(epcs_commands.o)
                0x0080db30                epcs_read_status_register
                0x0080dbfc                epcs_sector_erase
                0x0080dcf4                epcs_read_buffer
                0x0080dde8                epcs_write_enable
                0x0080de38                epcs_write_status_register
                0x0080dea0                epcs_write_buffer
                0x0080dfbc                epcs_read_electronic_signature
                0x0080e024                epcs_read_device_id
                0x0080e0a4                epcs_enter_4_bytes_mode
                0x0080e0fc                epcs_exit_4_bytes_mode
 .text          0x0080e154      0x140 ../ad_nios_bsp/\libhal_bsp.a(alt_alarm_start.o)
                0x0080e154                alt_alarm_start
 .text          0x0080e294      0x128 ../ad_nios_bsp/\libhal_bsp.a(alt_busy_sleep.o)
                0x0080e294                alt_busy_sleep
 .text          0x0080e3bc       0xf0 ../ad_nios_bsp/\libhal_bsp.a(alt_dev_llist_insert.o)
                0x0080e40c                alt_dev_llist_insert
 .text          0x0080e4ac        0x0 ../ad_nios_bsp/\libhal_bsp.a(alt_exception_entry.o)
 .text          0x0080e4ac       0xb8 ../ad_nios_bsp/\libhal_bsp.a(alt_flash_dev.o)
                0x0080e4ac                alt_flash_open_dev
                0x0080e514                alt_flash_close_dev
 .text          0x0080e564       0x84 ../ad_nios_bsp/\libhal_bsp.a(alt_fs_reg.o)
                0x0080e564                alt_fs_reg
 .text          0x0080e5e8      0x138 ../ad_nios_bsp/\libhal_bsp.a(alt_io_redirect.o)
                0x0080e6a8                alt_io_redirect
 .text          0x0080e720      0x270 ../ad_nios_bsp/\libhal_bsp.a(alt_open.o)
                0x0080e83c                open
 .text          0x0080e990      0x19c ../ad_nios_bsp/\libhal_bsp.a(alt_tick.o)
                0x0080e990                alt_alarm_stop
                0x0080ea28                alt_tick
 .text          0x0080eb2c       0x20 ../ad_nios_bsp/\libhal_bsp.a(altera_nios2_qsys_irq.o)
                0x0080eb2c                altera_nios2_qsys_irq_init
 .text          0x0080eb4c      0x208 ../ad_nios_bsp/\libhal_bsp.a(altera_avalon_spi.o)
                0x0080eb4c                alt_avalon_spi_command
 .text          0x0080ed54       0x90 ../ad_nios_bsp/\libhal_bsp.a(alt_find_dev.o)
                0x0080ed54                alt_find_dev
 .text          0x0080ede4      0x114 ../ad_nios_bsp/\libhal_bsp.a(alt_find_file.o)
                0x0080ede4                alt_find_file
 .text          0x0080eef8       0xb4 ../ad_nios_bsp/\libhal_bsp.a(alt_get_fd.o)
                0x0080eef8                alt_get_fd
 .text          0x0080efac       0x38 d:/altera/13.1/nios2eds/bin/gnu/h-i686-mingw32/bin/../lib/gcc/nios2-elf/4.7.3/../../../../../H-i686-mingw32/nios2-elf/lib\libc.a(lib_a-exit.o)
                0x0080efac                exit
 .text          0x0080efe4       0x7c d:/altera/13.1/nios2eds/bin/gnu/h-i686-mingw32/bin/../lib/gcc/nios2-elf/4.7.3/../../../../../H-i686-mingw32/nios2-elf/lib\libc.a(lib_a-memcmp.o)
                0x0080efe4                memcmp
 .text          0x0080f060      0x1a0 d:/altera/13.1/nios2eds/bin/gnu/h-i686-mingw32/bin/../lib/gcc/nios2-elf/4.7.3/../../../../../H-i686-mingw32/nios2-elf/lib\libc.a(lib_a-__call_atexit.o)
                0x0080f060                __call_exitprocs
 .text          0x0080f200       0x3c ../ad_nios_bsp/\libhal_bsp.a(alt_exit.o)
                0x0080f200                _exit
 *(.gnu.warning.*)
 *(.fini)
                0x0080f23c                PROVIDE (__etext, ABSOLUTE (.))
                0x0080f23c                PROVIDE (_etext, ABSOLUTE (.))
                0x0080f23c                PROVIDE (etext, ABSOLUTE (.))
 *(.eh_frame_hdr)
                0x0080f23c                . = ALIGN (0x4)
                0x0080f23c                PROVIDE (__preinit_array_start, ABSOLUTE (.))
 *(.preinit_array)
                0x0080f23c                PROVIDE (__preinit_array_end, ABSOLUTE (.))
                0x0080f23c                PROVIDE (__init_array_start, ABSOLUTE (.))
 *(.init_array)
                0x0080f23c                PROVIDE (__init_array_end, ABSOLUTE (.))
                0x0080f23c                PROVIDE (__fini_array_start, ABSOLUTE (.))
 *(.fini_array)
                0x0080f23c                PROVIDE (__fini_array_end, ABSOLUTE (.))
 *(.eh_frame)
 *(.gcc_except_table .gcc_except_table.*)
 *(.dynamic)
                0x0080f23c                PROVIDE (__CTOR_LIST__, ABSOLUTE (.))
 *(.ctors)
 *(SORT(.ctors.*))
                0x0080f23c                PROVIDE (__CTOR_END__, ABSOLUTE (.))
                0x0080f23c                PROVIDE (__DTOR_LIST__, ABSOLUTE (.))
 *(.dtors)
 *(SORT(.dtors.*))
                0x0080f23c                PROVIDE (__DTOR_END__, ABSOLUTE (.))
 *(.jcr)
                0x0080f23c                . = ALIGN (0x4)

.rodata         0x0080f23c      0x3d0
                0x0080f23c                PROVIDE (__ram_rodata_start, ABSOLUTE (.))
                0x0080f23c                . = ALIGN (0x4)
 *(.rodata .rodata.* .gnu.linkonce.r.*)
 .rodata        0x0080f23c       0x68 obj/default/HAL/main.o
 .rodata        0x0080f2a4       0x20 d:/altera/13.1/nios2eds/bin/gnu/h-i686-mingw32/bin/../lib/gcc/nios2-elf/4.7.3/../../../../../H-i686-mingw32/nios2-elf/lib\libm.a(lib_a-sf_atan.o)
 .rodata        0x0080f2c4       0x10 d:/altera/13.1/nios2eds/bin/gnu/h-i686-mingw32/bin/../lib/gcc/nios2-elf/4.7.3\libgcc.a(_thenan_sf.o)
                0x0080f2c4                __thenan_sf
 .rodata        0x0080f2d4       0x14 d:/altera/13.1/nios2eds/bin/gnu/h-i686-mingw32/bin/../lib/gcc/nios2-elf/4.7.3\libgcc.a(_thenan_df.o)
                0x0080f2d4                __thenan_df
 .rodata.str1.4
                0x0080f2e8       0x42 d:/altera/13.1/nios2eds/bin/gnu/h-i686-mingw32/bin/../lib/gcc/nios2-elf/4.7.3/../../../../../H-i686-mingw32/nios2-elf/lib\libc.a(lib_a-vfprintf.o)
                                 0x44 (size before relaxing)
 .rodata        0x0080f32a       0x20 d:/altera/13.1/nios2eds/bin/gnu/h-i686-mingw32/bin/../lib/gcc/nios2-elf/4.7.3/../../../../../H-i686-mingw32/nios2-elf/lib\libc.a(lib_a-vfprintf.o)
 *fill*         0x0080f34a        0x2 
 .rodata.str1.4
                0x0080f34c       0x10 d:/altera/13.1/nios2eds/bin/gnu/h-i686-mingw32/bin/../lib/gcc/nios2-elf/4.7.3/../../../../../H-i686-mingw32/nios2-elf/lib\libc.a(lib_a-dtoa.o)
                                 0x14 (size before relaxing)
 .rodata.str1.4
                0x0080f35c        0x2 d:/altera/13.1/nios2eds/bin/gnu/h-i686-mingw32/bin/../lib/gcc/nios2-elf/4.7.3/../../../../../H-i686-mingw32/nios2-elf/lib\libc.a(lib_a-impure.o)
                                  0x4 (size before relaxing)
 *fill*         0x0080f35e        0x2 
 .rodata.str1.4
                0x0080f360       0x10 d:/altera/13.1/nios2eds/bin/gnu/h-i686-mingw32/bin/../lib/gcc/nios2-elf/4.7.3/../../../../../H-i686-mingw32/nios2-elf/lib\libc.a(lib_a-locale.o)
                                 0x18 (size before relaxing)
 .rodata        0x0080f370       0x30 d:/altera/13.1/nios2eds/bin/gnu/h-i686-mingw32/bin/../lib/gcc/nios2-elf/4.7.3/../../../../../H-i686-mingw32/nios2-elf/lib\libc.a(lib_a-locale.o)
 .rodata        0x0080f3a0      0x124 d:/altera/13.1/nios2eds/bin/gnu/h-i686-mingw32/bin/../lib/gcc/nios2-elf/4.7.3/../../../../../H-i686-mingw32/nios2-elf/lib\libc.a(lib_a-mprec.o)
                0x0080f3a0                __mprec_tinytens
                0x0080f3c8                __mprec_bigtens
                0x0080f3f0                __mprec_tens
 .rodata        0x0080f4c4      0x100 d:/altera/13.1/nios2eds/bin/gnu/h-i686-mingw32/bin/../lib/gcc/nios2-elf/4.7.3\libgcc.a(_clz.o)
                0x0080f4c4                __clz_tab
 .rodata        0x0080f5c4        0xc ../ad_nios_bsp/\libhal_bsp.a(alt_dev.o)
 .rodata        0x0080f5d0        0xc ../ad_nios_bsp/\libhal_bsp.a(alt_main.o)
 .rodata        0x0080f5dc       0x30 ../ad_nios_bsp/\libhal_bsp.a(alt_sys_init.o)
 *(.rodata1)
                0x0080f60c                . = ALIGN (0x4)
                0x0080f60c                PROVIDE (__ram_rodata_end, ABSOLUTE (.))
                0x0080f23c                PROVIDE (__flash_rodata_start, LOADADDR (.rodata))

.rwdata         0x0080f60c     0x41dc
                0x0080f60c                PROVIDE (__ram_rwdata_start, ABSOLUTE (.))
                0x0080f60c                . = ALIGN (0x4)
 *(.got.plt)
 *(.got)
 *(.data1)
 *(.data .data.* .gnu.linkonce.d.*)
 .data          0x0080f60c        0x0 ../ad_nios_bsp//obj/HAL/src/crt0.o
 .data          0x0080f60c        0x0 obj/default/HAL/main.o
 .data          0x0080f60c     0x2580 obj/default/HAL/src/var.o
                0x0080f60c                var
 .data          0x00811b8c        0x0 d:/altera/13.1/nios2eds/bin/gnu/h-i686-mingw32/bin/../lib/gcc/nios2-elf/4.7.3/../../../../../H-i686-mingw32/nios2-elf/lib\libm.a(lib_a-sf_atan.o)
 .data          0x00811b8c        0x0 d:/altera/13.1/nios2eds/bin/gnu/h-i686-mingw32/bin/../lib/gcc/nios2-elf/4.7.3/../../../../../H-i686-mingw32/nios2-elf/lib\libm.a(lib_a-sf_fabs.o)
 .data          0x00811b8c        0x0 d:/altera/13.1/nios2eds/bin/gnu/h-i686-mingw32/bin/../lib/gcc/nios2-elf/4.7.3\libgcc.a(_addsub_sf.o)
 .data          0x00811b8c        0x0 d:/altera/13.1/nios2eds/bin/gnu/h-i686-mingw32/bin/../lib/gcc/nios2-elf/4.7.3\libgcc.a(_mul_sf.o)
 .data          0x00811b8c        0x0 d:/altera/13.1/nios2eds/bin/gnu/h-i686-mingw32/bin/../lib/gcc/nios2-elf/4.7.3\libgcc.a(_div_sf.o)
 .data          0x00811b8c        0x0 d:/altera/13.1/nios2eds/bin/gnu/h-i686-mingw32/bin/../lib/gcc/nios2-elf/4.7.3\libgcc.a(_gt_sf.o)
 .data          0x00811b8c        0x0 d:/altera/13.1/nios2eds/bin/gnu/h-i686-mingw32/bin/../lib/gcc/nios2-elf/4.7.3\libgcc.a(_sf_to_df.o)
 .data          0x00811b8c        0x0 d:/altera/13.1/nios2eds/bin/gnu/h-i686-mingw32/bin/../lib/gcc/nios2-elf/4.7.3\libgcc.a(_thenan_sf.o)
 .data          0x00811b8c        0x0 d:/altera/13.1/nios2eds/bin/gnu/h-i686-mingw32/bin/../lib/gcc/nios2-elf/4.7.3\libgcc.a(_mul_df.o)
 .data          0x00811b8c        0x0 d:/altera/13.1/nios2eds/bin/gnu/h-i686-mingw32/bin/../lib/gcc/nios2-elf/4.7.3\libgcc.a(_div_df.o)
 .data          0x00811b8c        0x0 d:/altera/13.1/nios2eds/bin/gnu/h-i686-mingw32/bin/../lib/gcc/nios2-elf/4.7.3\libgcc.a(_make_df.o)
 .data          0x00811b8c        0x0 d:/altera/13.1/nios2eds/bin/gnu/h-i686-mingw32/bin/../lib/gcc/nios2-elf/4.7.3\libgcc.a(_df_to_sf.o)
 .data          0x00811b8c        0x0 d:/altera/13.1/nios2eds/bin/gnu/h-i686-mingw32/bin/../lib/gcc/nios2-elf/4.7.3\libgcc.a(_thenan_df.o)
 .data          0x00811b8c        0x0 d:/altera/13.1/nios2eds/bin/gnu/h-i686-mingw32/bin/../lib/gcc/nios2-elf/4.7.3\libgcc.a(_muldi3.o)
 .data          0x00811b8c        0x0 d:/altera/13.1/nios2eds/bin/gnu/h-i686-mingw32/bin/../lib/gcc/nios2-elf/4.7.3\libgcc.a(_pack_sf.o)
 .data          0x00811b8c        0x0 d:/altera/13.1/nios2eds/bin/gnu/h-i686-mingw32/bin/../lib/gcc/nios2-elf/4.7.3\libgcc.a(_unpack_sf.o)
 .data          0x00811b8c        0x0 d:/altera/13.1/nios2eds/bin/gnu/h-i686-mingw32/bin/../lib/gcc/nios2-elf/4.7.3\libgcc.a(_fpcmp_parts_sf.o)
 .data          0x00811b8c        0x0 d:/altera/13.1/nios2eds/bin/gnu/h-i686-mingw32/bin/../lib/gcc/nios2-elf/4.7.3\libgcc.a(_make_sf.o)
 .data          0x00811b8c        0x0 d:/altera/13.1/nios2eds/bin/gnu/h-i686-mingw32/bin/../lib/gcc/nios2-elf/4.7.3\libgcc.a(_pack_df.o)
 .data          0x00811b8c        0x0 d:/altera/13.1/nios2eds/bin/gnu/h-i686-mingw32/bin/../lib/gcc/nios2-elf/4.7.3\libgcc.a(_unpack_df.o)
 .data          0x00811b8c        0x0 d:/altera/13.1/nios2eds/bin/gnu/h-i686-mingw32/bin/../lib/gcc/nios2-elf/4.7.3\libgcc.a(_lshrdi3.o)
 .data          0x00811b8c        0x0 d:/altera/13.1/nios2eds/bin/gnu/h-i686-mingw32/bin/../lib/gcc/nios2-elf/4.7.3\libgcc.a(_ashldi3.o)
 .data          0x00811b8c        0x0 d:/altera/13.1/nios2eds/bin/gnu/h-i686-mingw32/bin/../lib/gcc/nios2-elf/4.7.3/../../../../../H-i686-mingw32/nios2-elf/lib\libc.a(lib_a-printf.o)
 .data          0x00811b8c        0x0 d:/altera/13.1/nios2eds/bin/gnu/h-i686-mingw32/bin/../lib/gcc/nios2-elf/4.7.3/../../../../../H-i686-mingw32/nios2-elf/lib\libc.a(lib_a-vfprintf.o)
 .data          0x00811b8c        0x0 d:/altera/13.1/nios2eds/bin/gnu/h-i686-mingw32/bin/../lib/gcc/nios2-elf/4.7.3/../../../../../H-i686-mingw32/nios2-elf/lib\libc.a(lib_a-wsetup.o)
 .data          0x00811b8c        0x0 d:/altera/13.1/nios2eds/bin/gnu/h-i686-mingw32/bin/../lib/gcc/nios2-elf/4.7.3/../../../../../H-i686-mingw32/nios2-elf/lib\libc.a(lib_a-dtoa.o)
 .data          0x00811b8c        0x0 d:/altera/13.1/nios2eds/bin/gnu/h-i686-mingw32/bin/../lib/gcc/nios2-elf/4.7.3/../../../../../H-i686-mingw32/nios2-elf/lib\libc.a(lib_a-fflush.o)
 .data          0x00811b8c        0x0 d:/altera/13.1/nios2eds/bin/gnu/h-i686-mingw32/bin/../lib/gcc/nios2-elf/4.7.3/../../../../../H-i686-mingw32/nios2-elf/lib\libc.a(lib_a-findfp.o)
 .data          0x00811b8c        0x0 d:/altera/13.1/nios2eds/bin/gnu/h-i686-mingw32/bin/../lib/gcc/nios2-elf/4.7.3/../../../../../H-i686-mingw32/nios2-elf/lib\libc.a(lib_a-freer.o)
 .data          0x00811b8c        0x0 d:/altera/13.1/nios2eds/bin/gnu/h-i686-mingw32/bin/../lib/gcc/nios2-elf/4.7.3/../../../../../H-i686-mingw32/nios2-elf/lib\libc.a(lib_a-fvwrite.o)
 .data          0x00811b8c        0x0 d:/altera/13.1/nios2eds/bin/gnu/h-i686-mingw32/bin/../lib/gcc/nios2-elf/4.7.3/../../../../../H-i686-mingw32/nios2-elf/lib\libc.a(lib_a-fwalk.o)
 .data          0x00811b8c      0x400 d:/altera/13.1/nios2eds/bin/gnu/h-i686-mingw32/bin/../lib/gcc/nios2-elf/4.7.3/../../../../../H-i686-mingw32/nios2-elf/lib\libc.a(lib_a-impure.o)
 .data          0x00811f8c        0xc d:/altera/13.1/nios2eds/bin/gnu/h-i686-mingw32/bin/../lib/gcc/nios2-elf/4.7.3/../../../../../H-i686-mingw32/nios2-elf/lib\libc.a(lib_a-locale.o)
                0x00811f8c                __lc_ctype
 .data          0x00811f98        0x0 d:/altera/13.1/nios2eds/bin/gnu/h-i686-mingw32/bin/../lib/gcc/nios2-elf/4.7.3/../../../../../H-i686-mingw32/nios2-elf/lib\libc.a(lib_a-makebuf.o)
 .data          0x00811f98      0x408 d:/altera/13.1/nios2eds/bin/gnu/h-i686-mingw32/bin/../lib/gcc/nios2-elf/4.7.3/../../../../../H-i686-mingw32/nios2-elf/lib\libc.a(lib_a-mallocr.o)
                0x00811f98                __malloc_av_
 .data          0x008123a0        0x0 d:/altera/13.1/nios2eds/bin/gnu/h-i686-mingw32/bin/../lib/gcc/nios2-elf/4.7.3/../../../../../H-i686-mingw32/nios2-elf/lib\libc.a(lib_a-memchr.o)
 .data          0x008123a0        0x0 d:/altera/13.1/nios2eds/bin/gnu/h-i686-mingw32/bin/../lib/gcc/nios2-elf/4.7.3/../../../../../H-i686-mingw32/nios2-elf/lib\libc.a(lib_a-memcpy.o)
 .data          0x008123a0        0x0 d:/altera/13.1/nios2eds/bin/gnu/h-i686-mingw32/bin/../lib/gcc/nios2-elf/4.7.3/../../../../../H-i686-mingw32/nios2-elf/lib\libc.a(lib_a-memmove.o)
 .data          0x008123a0        0x0 d:/altera/13.1/nios2eds/bin/gnu/h-i686-mingw32/bin/../lib/gcc/nios2-elf/4.7.3/../../../../../H-i686-mingw32/nios2-elf/lib\libc.a(lib_a-memset.o)
 .data          0x008123a0        0x0 d:/altera/13.1/nios2eds/bin/gnu/h-i686-mingw32/bin/../lib/gcc/nios2-elf/4.7.3/../../../../../H-i686-mingw32/nios2-elf/lib\libc.a(lib_a-mprec.o)
 .data          0x008123a0        0x0 d:/altera/13.1/nios2eds/bin/gnu/h-i686-mingw32/bin/../lib/gcc/nios2-elf/4.7.3/../../../../../H-i686-mingw32/nios2-elf/lib\libc.a(lib_a-reallocr.o)
 .data          0x008123a0        0x0 d:/altera/13.1/nios2eds/bin/gnu/h-i686-mingw32/bin/../lib/gcc/nios2-elf/4.7.3/../../../../../H-i686-mingw32/nios2-elf/lib\libc.a(lib_a-s_isinfd.o)
 .data          0x008123a0        0x0 d:/altera/13.1/nios2eds/bin/gnu/h-i686-mingw32/bin/../lib/gcc/nios2-elf/4.7.3/../../../../../H-i686-mingw32/nios2-elf/lib\libc.a(lib_a-s_isnand.o)
 .data          0x008123a0        0x0 d:/altera/13.1/nios2eds/bin/gnu/h-i686-mingw32/bin/../lib/gcc/nios2-elf/4.7.3/../../../../../H-i686-mingw32/nios2-elf/lib\libc.a(lib_a-sbrkr.o)
 .data          0x008123a0        0x0 d:/altera/13.1/nios2eds/bin/gnu/h-i686-mingw32/bin/../lib/gcc/nios2-elf/4.7.3/../../../../../H-i686-mingw32/nios2-elf/lib\libc.a(lib_a-stdio.o)
 .data          0x008123a0        0x0 d:/altera/13.1/nios2eds/bin/gnu/h-i686-mingw32/bin/../lib/gcc/nios2-elf/4.7.3/../../../../../H-i686-mingw32/nios2-elf/lib\libc.a(lib_a-strcmp.o)
 .data          0x008123a0        0x0 d:/altera/13.1/nios2eds/bin/gnu/h-i686-mingw32/bin/../lib/gcc/nios2-elf/4.7.3/../../../../../H-i686-mingw32/nios2-elf/lib\libc.a(lib_a-strlen.o)
 .data          0x008123a0        0x0 d:/altera/13.1/nios2eds/bin/gnu/h-i686-mingw32/bin/../lib/gcc/nios2-elf/4.7.3/../../../../../H-i686-mingw32/nios2-elf/lib\libc.a(lib_a-writer.o)
 .data          0x008123a0        0x0 d:/altera/13.1/nios2eds/bin/gnu/h-i686-mingw32/bin/../lib/gcc/nios2-elf/4.7.3/../../../../../H-i686-mingw32/nios2-elf/lib\libc.a(lib_a-callocr.o)
 .data          0x008123a0        0x0 d:/altera/13.1/nios2eds/bin/gnu/h-i686-mingw32/bin/../lib/gcc/nios2-elf/4.7.3/../../../../../H-i686-mingw32/nios2-elf/lib\libc.a(lib_a-closer.o)
 .data          0x008123a0        0x0 d:/altera/13.1/nios2eds/bin/gnu/h-i686-mingw32/bin/../lib/gcc/nios2-elf/4.7.3/../../../../../H-i686-mingw32/nios2-elf/lib\libc.a(lib_a-fclose.o)
 .data          0x008123a0        0x0 d:/altera/13.1/nios2eds/bin/gnu/h-i686-mingw32/bin/../lib/gcc/nios2-elf/4.7.3/../../../../../H-i686-mingw32/nios2-elf/lib\libc.a(lib_a-fstatr.o)
 .data          0x008123a0        0x0 d:/altera/13.1/nios2eds/bin/gnu/h-i686-mingw32/bin/../lib/gcc/nios2-elf/4.7.3/../../../../../H-i686-mingw32/nios2-elf/lib\libc.a(lib_a-int_errno.o)
 .data          0x008123a0        0x0 d:/altera/13.1/nios2eds/bin/gnu/h-i686-mingw32/bin/../lib/gcc/nios2-elf/4.7.3/../../../../../H-i686-mingw32/nios2-elf/lib\libc.a(lib_a-isattyr.o)
 .data          0x008123a0        0x0 d:/altera/13.1/nios2eds/bin/gnu/h-i686-mingw32/bin/../lib/gcc/nios2-elf/4.7.3/../../../../../H-i686-mingw32/nios2-elf/lib\libc.a(lib_a-lseekr.o)
 .data          0x008123a0        0x0 d:/altera/13.1/nios2eds/bin/gnu/h-i686-mingw32/bin/../lib/gcc/nios2-elf/4.7.3/../../../../../H-i686-mingw32/nios2-elf/lib\libc.a(lib_a-readr.o)
 .data          0x008123a0        0x0 d:/altera/13.1/nios2eds/bin/gnu/h-i686-mingw32/bin/../lib/gcc/nios2-elf/4.7.3\libgcc.a(_udivdi3.o)
 .data          0x008123a0        0x0 d:/altera/13.1/nios2eds/bin/gnu/h-i686-mingw32/bin/../lib/gcc/nios2-elf/4.7.3\libgcc.a(_umoddi3.o)
 .data          0x008123a0        0x0 d:/altera/13.1/nios2eds/bin/gnu/h-i686-mingw32/bin/../lib/gcc/nios2-elf/4.7.3\libgcc.a(_addsub_df.o)
 .data          0x008123a0        0x0 d:/altera/13.1/nios2eds/bin/gnu/h-i686-mingw32/bin/../lib/gcc/nios2-elf/4.7.3\libgcc.a(_eq_df.o)
 .data          0x008123a0        0x0 d:/altera/13.1/nios2eds/bin/gnu/h-i686-mingw32/bin/../lib/gcc/nios2-elf/4.7.3\libgcc.a(_ne_df.o)
 .data          0x008123a0        0x0 d:/altera/13.1/nios2eds/bin/gnu/h-i686-mingw32/bin/../lib/gcc/nios2-elf/4.7.3\libgcc.a(_gt_df.o)
 .data          0x008123a0        0x0 d:/altera/13.1/nios2eds/bin/gnu/h-i686-mingw32/bin/../lib/gcc/nios2-elf/4.7.3\libgcc.a(_ge_df.o)
 .data          0x008123a0        0x0 d:/altera/13.1/nios2eds/bin/gnu/h-i686-mingw32/bin/../lib/gcc/nios2-elf/4.7.3\libgcc.a(_lt_df.o)
 .data          0x008123a0        0x0 d:/altera/13.1/nios2eds/bin/gnu/h-i686-mingw32/bin/../lib/gcc/nios2-elf/4.7.3\libgcc.a(_si_to_df.o)
 .data          0x008123a0        0x0 d:/altera/13.1/nios2eds/bin/gnu/h-i686-mingw32/bin/../lib/gcc/nios2-elf/4.7.3\libgcc.a(_df_to_si.o)
 .data          0x008123a0        0x0 d:/altera/13.1/nios2eds/bin/gnu/h-i686-mingw32/bin/../lib/gcc/nios2-elf/4.7.3\libgcc.a(_usi_to_df.o)
 .data          0x008123a0        0x0 d:/altera/13.1/nios2eds/bin/gnu/h-i686-mingw32/bin/../lib/gcc/nios2-elf/4.7.3\libgcc.a(lib2-divmod.o)
 .data          0x008123a0        0x0 d:/altera/13.1/nios2eds/bin/gnu/h-i686-mingw32/bin/../lib/gcc/nios2-elf/4.7.3\libgcc.a(_clz.o)
 .data          0x008123a0        0x0 d:/altera/13.1/nios2eds/bin/gnu/h-i686-mingw32/bin/../lib/gcc/nios2-elf/4.7.3\libgcc.a(_clzsi2.o)
 .data          0x008123a0        0x0 d:/altera/13.1/nios2eds/bin/gnu/h-i686-mingw32/bin/../lib/gcc/nios2-elf/4.7.3\libgcc.a(_fpcmp_parts_df.o)
 .data          0x008123a0        0x0 ../ad_nios_bsp/\libhal_bsp.a(alt_close.o)
 .data          0x008123a0      0x1a8 ../ad_nios_bsp/\libhal_bsp.a(alt_dev.o)
                0x008123a0                alt_dev_null
                0x008123c8                alt_fd_list
 .data          0x00812548        0x0 ../ad_nios_bsp/\libhal_bsp.a(alt_errno.o)
 .data          0x00812548        0x0 ../ad_nios_bsp/\libhal_bsp.a(alt_fstat.o)
 .data          0x00812548        0x0 ../ad_nios_bsp/\libhal_bsp.a(alt_iic.o)
 .data          0x00812548        0x0 ../ad_nios_bsp/\libhal_bsp.a(alt_iic_isr_register.o)
 .data          0x00812548        0x0 ../ad_nios_bsp/\libhal_bsp.a(alt_irq_entry.o)
 .data          0x00812548        0x0 ../ad_nios_bsp/\libhal_bsp.a(alt_irq_handler.o)
 .data          0x00812548        0x0 ../ad_nios_bsp/\libhal_bsp.a(alt_irq_vars.o)
 .data          0x00812548        0x0 ../ad_nios_bsp/\libhal_bsp.a(alt_isatty.o)
 .data          0x00812548        0x0 ../ad_nios_bsp/\libhal_bsp.a(alt_lseek.o)
 .data          0x00812548        0x0 ../ad_nios_bsp/\libhal_bsp.a(alt_main.o)
 .data          0x00812548        0x0 ../ad_nios_bsp/\libhal_bsp.a(alt_malloc_lock.o)
 .data          0x00812548        0x0 ../ad_nios_bsp/\libhal_bsp.a(alt_read.o)
 .data          0x00812548        0x0 ../ad_nios_bsp/\libhal_bsp.a(alt_release_fd.o)
 .data          0x00812548        0x0 ../ad_nios_bsp/\libhal_bsp.a(alt_sbrk.o)
 .data          0x00812548        0x0 ../ad_nios_bsp/\libhal_bsp.a(alt_usleep.o)
 .data          0x00812548        0x0 ../ad_nios_bsp/\libhal_bsp.a(alt_write.o)
 .data          0x00812548     0x1214 ../ad_nios_bsp/\libhal_bsp.a(alt_sys_init.o)
 .data          0x0081375c        0x0 ../ad_nios_bsp/\libhal_bsp.a(altera_avalon_epcs_flash_controller.o)
 .data          0x0081375c        0x0 ../ad_nios_bsp/\libhal_bsp.a(altera_avalon_fifo_util.o)
 .data          0x0081375c        0x0 ../ad_nios_bsp/\libhal_bsp.a(altera_avalon_jtag_uart_fd.o)
 .data          0x0081375c        0x0 ../ad_nios_bsp/\libhal_bsp.a(altera_avalon_jtag_uart_init.o)
 .data          0x0081375c        0x0 ../ad_nios_bsp/\libhal_bsp.a(altera_avalon_jtag_uart_ioctl.o)
 .data          0x0081375c        0x0 ../ad_nios_bsp/\libhal_bsp.a(altera_avalon_jtag_uart_read.o)
 .data          0x0081375c        0x0 ../ad_nios_bsp/\libhal_bsp.a(altera_avalon_jtag_uart_write.o)
 .data          0x0081375c        0x0 ../ad_nios_bsp/\libhal_bsp.a(altera_avalon_timer_sc.o)
 .data          0x0081375c        0x0 ../ad_nios_bsp/\libhal_bsp.a(altera_avalon_uart_fd.o)
 .data          0x0081375c        0x0 ../ad_nios_bsp/\libhal_bsp.a(altera_avalon_uart_init.o)
 .data          0x0081375c        0x0 ../ad_nios_bsp/\libhal_bsp.a(altera_avalon_uart_read.o)
 .data          0x0081375c        0x0 ../ad_nios_bsp/\libhal_bsp.a(altera_avalon_uart_write.o)
 .data          0x0081375c        0x0 ../ad_nios_bsp/\libhal_bsp.a(altera_hostfs.o)
 .data          0x0081375c        0x0 ../ad_nios_bsp/\libhal_bsp.a(epcs_commands.o)
 .data          0x0081375c        0x0 ../ad_nios_bsp/\libhal_bsp.a(alt_alarm_start.o)
 .data          0x0081375c        0x0 ../ad_nios_bsp/\libhal_bsp.a(alt_busy_sleep.o)
 .data          0x0081375c        0x0 ../ad_nios_bsp/\libhal_bsp.a(alt_dev_llist_insert.o)
 .data          0x0081375c        0x0 ../ad_nios_bsp/\libhal_bsp.a(alt_exception_entry.o)
 .data          0x0081375c        0x0 ../ad_nios_bsp/\libhal_bsp.a(alt_flash_dev.o)
 .data          0x0081375c        0x0 ../ad_nios_bsp/\libhal_bsp.a(alt_fs_reg.o)
 .data          0x0081375c        0x0 ../ad_nios_bsp/\libhal_bsp.a(alt_io_redirect.o)
 .data          0x0081375c        0x0 ../ad_nios_bsp/\libhal_bsp.a(alt_open.o)
 .data          0x0081375c        0x0 ../ad_nios_bsp/\libhal_bsp.a(alt_tick.o)
 .data          0x0081375c        0x0 ../ad_nios_bsp/\libhal_bsp.a(altera_nios2_qsys_irq.o)
 .data          0x0081375c        0x0 ../ad_nios_bsp/\libhal_bsp.a(altera_avalon_spi.o)
 .data          0x0081375c        0x0 ../ad_nios_bsp/\libhal_bsp.a(alt_find_dev.o)
 .data          0x0081375c        0x0 ../ad_nios_bsp/\libhal_bsp.a(alt_find_file.o)
 .data          0x0081375c        0x0 ../ad_nios_bsp/\libhal_bsp.a(alt_get_fd.o)
 .data          0x0081375c        0x0 d:/altera/13.1/nios2eds/bin/gnu/h-i686-mingw32/bin/../lib/gcc/nios2-elf/4.7.3/../../../../../H-i686-mingw32/nios2-elf/lib\libc.a(lib_a-exit.o)
 .data          0x0081375c        0x0 d:/altera/13.1/nios2eds/bin/gnu/h-i686-mingw32/bin/../lib/gcc/nios2-elf/4.7.3/../../../../../H-i686-mingw32/nios2-elf/lib\libc.a(lib_a-memcmp.o)
 .data          0x0081375c        0x0 d:/altera/13.1/nios2eds/bin/gnu/h-i686-mingw32/bin/../lib/gcc/nios2-elf/4.7.3/../../../../../H-i686-mingw32/nios2-elf/lib\libc.a(lib_a-__call_atexit.o)
 .data          0x0081375c        0x0 ../ad_nios_bsp/\libhal_bsp.a(alt_exit.o)
                0x0081b75c                _gp = ABSOLUTE ((. + 0x8000))
                0x0081b75c                PROVIDE (gp, _gp)
 *(.rwdata .rwdata.*)
 *(.sdata .sdata.* .gnu.linkonce.s.*)
 .sdata         0x0081375c        0x8 d:/altera/13.1/nios2eds/bin/gnu/h-i686-mingw32/bin/../lib/gcc/nios2-elf/4.7.3/../../../../../H-i686-mingw32/nios2-elf/lib\libc.a(lib_a-impure.o)
                0x0081375c                _global_impure_ptr
                0x00813760                _impure_ptr
 .sdata         0x00813764        0x4 d:/altera/13.1/nios2eds/bin/gnu/h-i686-mingw32/bin/../lib/gcc/nios2-elf/4.7.3/../../../../../H-i686-mingw32/nios2-elf/lib\libc.a(lib_a-locale.o)
                0x00813764                __mb_cur_max
 .sdata         0x00813768        0x8 d:/altera/13.1/nios2eds/bin/gnu/h-i686-mingw32/bin/../lib/gcc/nios2-elf/4.7.3/../../../../../H-i686-mingw32/nios2-elf/lib\libc.a(lib_a-mallocr.o)
                0x00813768                __malloc_sbrk_base
                0x0081376c                __malloc_trim_threshold
 .sdata         0x00813770       0x14 ../ad_nios_bsp/\libhal_bsp.a(alt_dev.o)
                0x00813770                alt_fs_list
                0x00813778                alt_dev_list
                0x00813780                alt_max_fd
 .sdata         0x00813784        0x4 ../ad_nios_bsp/\libhal_bsp.a(alt_errno.o)
                0x00813784                alt_errno
 .sdata         0x00813788        0x4 ../ad_nios_bsp/\libhal_bsp.a(alt_irq_vars.o)
                0x00813788                alt_priority_mask
 .sdata         0x0081378c        0x4 ../ad_nios_bsp/\libhal_bsp.a(alt_sbrk.o)
 .sdata         0x00813790       0x48 ../ad_nios_bsp/\libhal_bsp.a(altera_hostfs.o)
 .sdata         0x008137d8        0x8 ../ad_nios_bsp/\libhal_bsp.a(alt_flash_dev.o)
                0x008137d8                alt_flash_dev_list
 .sdata         0x008137e0        0x8 ../ad_nios_bsp/\libhal_bsp.a(alt_tick.o)
                0x008137e0                alt_alarm_list
 *(.sdata2 .sdata2.* .gnu.linkonce.s2.*)
                0x008137e8                . = ALIGN (0x4)
                0x008137e8                _edata = ABSOLUTE (.)
                0x008137e8                PROVIDE (edata, ABSOLUTE (.))
                0x008137e8                PROVIDE (__ram_rwdata_end, ABSOLUTE (.))
                0x0080f60c                PROVIDE (__flash_rwdata_start, LOADADDR (.rwdata))

.bss            0x008137e8      0x160
                0x008137e8                __bss_start = ABSOLUTE (.)
                0x008137e8                PROVIDE (__sbss_start, ABSOLUTE (.))
                0x008137e8                PROVIDE (___sbss_start, ABSOLUTE (.))
 *(.dynsbss)
 *(.sbss .sbss.* .gnu.linkonce.sb.*)
 .sbss          0x008137e8        0x4 obj/default/HAL/main.o
                0x008137e8                fifo_flag
 .sbss          0x008137ec        0xc d:/altera/13.1/nios2eds/bin/gnu/h-i686-mingw32/bin/../lib/gcc/nios2-elf/4.7.3/../../../../../H-i686-mingw32/nios2-elf/lib\libc.a(lib_a-locale.o)
                0x008137ec                _PathLocale
                0x008137f0                __mlocale_changed
                0x008137f4                __nlocale_changed
 .sbss          0x008137f8        0xc d:/altera/13.1/nios2eds/bin/gnu/h-i686-mingw32/bin/../lib/gcc/nios2-elf/4.7.3/../../../../../H-i686-mingw32/nios2-elf/lib\libc.a(lib_a-mallocr.o)
                0x008137f8                __malloc_max_total_mem
                0x008137fc                __malloc_max_sbrked_mem
                0x00813800                __malloc_top_pad
 .sbss          0x00813804        0x4 d:/altera/13.1/nios2eds/bin/gnu/h-i686-mingw32/bin/../lib/gcc/nios2-elf/4.7.3/../../../../../H-i686-mingw32/nios2-elf/lib\libc.a(lib_a-int_errno.o)
                0x00813804                errno
 .sbss          0x00813808        0x4 ../ad_nios_bsp/\libhal_bsp.a(alt_irq_vars.o)
                0x00813808                alt_irq_active
 .sbss          0x0081380c        0xc ../ad_nios_bsp/\libhal_bsp.a(alt_main.o)
                0x0081380c                alt_argc
                0x00813810                alt_argv
                0x00813814                alt_envp
 .sbss          0x00813818        0x8 ../ad_nios_bsp/\libhal_bsp.a(alt_tick.o)
                0x00813818                _alt_tick_rate
                0x0081381c                _alt_nticks
 *(.sbss2 .sbss2.* .gnu.linkonce.sb2.*)
 *(.scommon)
                0x00813820                PROVIDE (__sbss_end, ABSOLUTE (.))
                0x00813820                PROVIDE (___sbss_end, ABSOLUTE (.))
 *(.dynbss)
 *(.bss .bss.* .gnu.linkonce.b.*)
 .bss           0x00813820        0x0 ../ad_nios_bsp//obj/HAL/src/crt0.o
 .bss           0x00813820        0x0 obj/default/HAL/main.o
 .bss           0x00813820        0x0 obj/default/HAL/src/var.o
 .bss           0x00813820        0x0 d:/altera/13.1/nios2eds/bin/gnu/h-i686-mingw32/bin/../lib/gcc/nios2-elf/4.7.3/../../../../../H-i686-mingw32/nios2-elf/lib\libm.a(lib_a-sf_atan.o)
 .bss           0x00813820        0x0 d:/altera/13.1/nios2eds/bin/gnu/h-i686-mingw32/bin/../lib/gcc/nios2-elf/4.7.3/../../../../../H-i686-mingw32/nios2-elf/lib\libm.a(lib_a-sf_fabs.o)
 .bss           0x00813820        0x0 d:/altera/13.1/nios2eds/bin/gnu/h-i686-mingw32/bin/../lib/gcc/nios2-elf/4.7.3\libgcc.a(_addsub_sf.o)
 .bss           0x00813820        0x0 d:/altera/13.1/nios2eds/bin/gnu/h-i686-mingw32/bin/../lib/gcc/nios2-elf/4.7.3\libgcc.a(_mul_sf.o)
 .bss           0x00813820        0x0 d:/altera/13.1/nios2eds/bin/gnu/h-i686-mingw32/bin/../lib/gcc/nios2-elf/4.7.3\libgcc.a(_div_sf.o)
 .bss           0x00813820        0x0 d:/altera/13.1/nios2eds/bin/gnu/h-i686-mingw32/bin/../lib/gcc/nios2-elf/4.7.3\libgcc.a(_gt_sf.o)
 .bss           0x00813820        0x0 d:/altera/13.1/nios2eds/bin/gnu/h-i686-mingw32/bin/../lib/gcc/nios2-elf/4.7.3\libgcc.a(_sf_to_df.o)
 .bss           0x00813820        0x0 d:/altera/13.1/nios2eds/bin/gnu/h-i686-mingw32/bin/../lib/gcc/nios2-elf/4.7.3\libgcc.a(_thenan_sf.o)
 .bss           0x00813820        0x0 d:/altera/13.1/nios2eds/bin/gnu/h-i686-mingw32/bin/../lib/gcc/nios2-elf/4.7.3\libgcc.a(_mul_df.o)
 .bss           0x00813820        0x0 d:/altera/13.1/nios2eds/bin/gnu/h-i686-mingw32/bin/../lib/gcc/nios2-elf/4.7.3\libgcc.a(_div_df.o)
 .bss           0x00813820        0x0 d:/altera/13.1/nios2eds/bin/gnu/h-i686-mingw32/bin/../lib/gcc/nios2-elf/4.7.3\libgcc.a(_make_df.o)
 .bss           0x00813820        0x0 d:/altera/13.1/nios2eds/bin/gnu/h-i686-mingw32/bin/../lib/gcc/nios2-elf/4.7.3\libgcc.a(_df_to_sf.o)
 .bss           0x00813820        0x0 d:/altera/13.1/nios2eds/bin/gnu/h-i686-mingw32/bin/../lib/gcc/nios2-elf/4.7.3\libgcc.a(_thenan_df.o)
 .bss           0x00813820        0x0 d:/altera/13.1/nios2eds/bin/gnu/h-i686-mingw32/bin/../lib/gcc/nios2-elf/4.7.3\libgcc.a(_muldi3.o)
 .bss           0x00813820        0x0 d:/altera/13.1/nios2eds/bin/gnu/h-i686-mingw32/bin/../lib/gcc/nios2-elf/4.7.3\libgcc.a(_pack_sf.o)
 .bss           0x00813820        0x0 d:/altera/13.1/nios2eds/bin/gnu/h-i686-mingw32/bin/../lib/gcc/nios2-elf/4.7.3\libgcc.a(_unpack_sf.o)
 .bss           0x00813820        0x0 d:/altera/13.1/nios2eds/bin/gnu/h-i686-mingw32/bin/../lib/gcc/nios2-elf/4.7.3\libgcc.a(_fpcmp_parts_sf.o)
 .bss           0x00813820        0x0 d:/altera/13.1/nios2eds/bin/gnu/h-i686-mingw32/bin/../lib/gcc/nios2-elf/4.7.3\libgcc.a(_make_sf.o)
 .bss           0x00813820        0x0 d:/altera/13.1/nios2eds/bin/gnu/h-i686-mingw32/bin/../lib/gcc/nios2-elf/4.7.3\libgcc.a(_pack_df.o)
 .bss           0x00813820        0x0 d:/altera/13.1/nios2eds/bin/gnu/h-i686-mingw32/bin/../lib/gcc/nios2-elf/4.7.3\libgcc.a(_unpack_df.o)
 .bss           0x00813820        0x0 d:/altera/13.1/nios2eds/bin/gnu/h-i686-mingw32/bin/../lib/gcc/nios2-elf/4.7.3\libgcc.a(_lshrdi3.o)
 .bss           0x00813820        0x0 d:/altera/13.1/nios2eds/bin/gnu/h-i686-mingw32/bin/../lib/gcc/nios2-elf/4.7.3\libgcc.a(_ashldi3.o)
 .bss           0x00813820        0x0 d:/altera/13.1/nios2eds/bin/gnu/h-i686-mingw32/bin/../lib/gcc/nios2-elf/4.7.3/../../../../../H-i686-mingw32/nios2-elf/lib\libc.a(lib_a-printf.o)
 .bss           0x00813820        0x0 d:/altera/13.1/nios2eds/bin/gnu/h-i686-mingw32/bin/../lib/gcc/nios2-elf/4.7.3/../../../../../H-i686-mingw32/nios2-elf/lib\libc.a(lib_a-vfprintf.o)
 .bss           0x00813820        0x0 d:/altera/13.1/nios2eds/bin/gnu/h-i686-mingw32/bin/../lib/gcc/nios2-elf/4.7.3/../../../../../H-i686-mingw32/nios2-elf/lib\libc.a(lib_a-wsetup.o)
 .bss           0x00813820        0x0 d:/altera/13.1/nios2eds/bin/gnu/h-i686-mingw32/bin/../lib/gcc/nios2-elf/4.7.3/../../../../../H-i686-mingw32/nios2-elf/lib\libc.a(lib_a-dtoa.o)
 .bss           0x00813820        0x0 d:/altera/13.1/nios2eds/bin/gnu/h-i686-mingw32/bin/../lib/gcc/nios2-elf/4.7.3/../../../../../H-i686-mingw32/nios2-elf/lib\libc.a(lib_a-fflush.o)
 .bss           0x00813820        0x0 d:/altera/13.1/nios2eds/bin/gnu/h-i686-mingw32/bin/../lib/gcc/nios2-elf/4.7.3/../../../../../H-i686-mingw32/nios2-elf/lib\libc.a(lib_a-findfp.o)
 .bss           0x00813820        0x0 d:/altera/13.1/nios2eds/bin/gnu/h-i686-mingw32/bin/../lib/gcc/nios2-elf/4.7.3/../../../../../H-i686-mingw32/nios2-elf/lib\libc.a(lib_a-freer.o)
 .bss           0x00813820        0x0 d:/altera/13.1/nios2eds/bin/gnu/h-i686-mingw32/bin/../lib/gcc/nios2-elf/4.7.3/../../../../../H-i686-mingw32/nios2-elf/lib\libc.a(lib_a-fvwrite.o)
 .bss           0x00813820        0x0 d:/altera/13.1/nios2eds/bin/gnu/h-i686-mingw32/bin/../lib/gcc/nios2-elf/4.7.3/../../../../../H-i686-mingw32/nios2-elf/lib\libc.a(lib_a-fwalk.o)
 .bss           0x00813820        0x0 d:/altera/13.1/nios2eds/bin/gnu/h-i686-mingw32/bin/../lib/gcc/nios2-elf/4.7.3/../../../../../H-i686-mingw32/nios2-elf/lib\libc.a(lib_a-impure.o)
 .bss           0x00813820        0x0 d:/altera/13.1/nios2eds/bin/gnu/h-i686-mingw32/bin/../lib/gcc/nios2-elf/4.7.3/../../../../../H-i686-mingw32/nios2-elf/lib\libc.a(lib_a-locale.o)
 .bss           0x00813820        0x0 d:/altera/13.1/nios2eds/bin/gnu/h-i686-mingw32/bin/../lib/gcc/nios2-elf/4.7.3/../../../../../H-i686-mingw32/nios2-elf/lib\libc.a(lib_a-makebuf.o)
 .bss           0x00813820       0x28 d:/altera/13.1/nios2eds/bin/gnu/h-i686-mingw32/bin/../lib/gcc/nios2-elf/4.7.3/../../../../../H-i686-mingw32/nios2-elf/lib\libc.a(lib_a-mallocr.o)
                0x00813820                __malloc_current_mallinfo
 .bss           0x00813848        0x0 d:/altera/13.1/nios2eds/bin/gnu/h-i686-mingw32/bin/../lib/gcc/nios2-elf/4.7.3/../../../../../H-i686-mingw32/nios2-elf/lib\libc.a(lib_a-memchr.o)
 .bss           0x00813848        0x0 d:/altera/13.1/nios2eds/bin/gnu/h-i686-mingw32/bin/../lib/gcc/nios2-elf/4.7.3/../../../../../H-i686-mingw32/nios2-elf/lib\libc.a(lib_a-memcpy.o)
 .bss           0x00813848        0x0 d:/altera/13.1/nios2eds/bin/gnu/h-i686-mingw32/bin/../lib/gcc/nios2-elf/4.7.3/../../../../../H-i686-mingw32/nios2-elf/lib\libc.a(lib_a-memmove.o)
 .bss           0x00813848        0x0 d:/altera/13.1/nios2eds/bin/gnu/h-i686-mingw32/bin/../lib/gcc/nios2-elf/4.7.3/../../../../../H-i686-mingw32/nios2-elf/lib\libc.a(lib_a-memset.o)
 .bss           0x00813848        0x0 d:/altera/13.1/nios2eds/bin/gnu/h-i686-mingw32/bin/../lib/gcc/nios2-elf/4.7.3/../../../../../H-i686-mingw32/nios2-elf/lib\libc.a(lib_a-mprec.o)
 .bss           0x00813848        0x0 d:/altera/13.1/nios2eds/bin/gnu/h-i686-mingw32/bin/../lib/gcc/nios2-elf/4.7.3/../../../../../H-i686-mingw32/nios2-elf/lib\libc.a(lib_a-reallocr.o)
 .bss           0x00813848        0x0 d:/altera/13.1/nios2eds/bin/gnu/h-i686-mingw32/bin/../lib/gcc/nios2-elf/4.7.3/../../../../../H-i686-mingw32/nios2-elf/lib\libc.a(lib_a-s_isinfd.o)
 .bss           0x00813848        0x0 d:/altera/13.1/nios2eds/bin/gnu/h-i686-mingw32/bin/../lib/gcc/nios2-elf/4.7.3/../../../../../H-i686-mingw32/nios2-elf/lib\libc.a(lib_a-s_isnand.o)
 .bss           0x00813848        0x0 d:/altera/13.1/nios2eds/bin/gnu/h-i686-mingw32/bin/../lib/gcc/nios2-elf/4.7.3/../../../../../H-i686-mingw32/nios2-elf/lib\libc.a(lib_a-sbrkr.o)
 .bss           0x00813848        0x0 d:/altera/13.1/nios2eds/bin/gnu/h-i686-mingw32/bin/../lib/gcc/nios2-elf/4.7.3/../../../../../H-i686-mingw32/nios2-elf/lib\libc.a(lib_a-stdio.o)
 .bss           0x00813848        0x0 d:/altera/13.1/nios2eds/bin/gnu/h-i686-mingw32/bin/../lib/gcc/nios2-elf/4.7.3/../../../../../H-i686-mingw32/nios2-elf/lib\libc.a(lib_a-strcmp.o)
 .bss           0x00813848        0x0 d:/altera/13.1/nios2eds/bin/gnu/h-i686-mingw32/bin/../lib/gcc/nios2-elf/4.7.3/../../../../../H-i686-mingw32/nios2-elf/lib\libc.a(lib_a-strlen.o)
 .bss           0x00813848        0x0 d:/altera/13.1/nios2eds/bin/gnu/h-i686-mingw32/bin/../lib/gcc/nios2-elf/4.7.3/../../../../../H-i686-mingw32/nios2-elf/lib\libc.a(lib_a-writer.o)
 .bss           0x00813848        0x0 d:/altera/13.1/nios2eds/bin/gnu/h-i686-mingw32/bin/../lib/gcc/nios2-elf/4.7.3/../../../../../H-i686-mingw32/nios2-elf/lib\libc.a(lib_a-callocr.o)
 .bss           0x00813848        0x0 d:/altera/13.1/nios2eds/bin/gnu/h-i686-mingw32/bin/../lib/gcc/nios2-elf/4.7.3/../../../../../H-i686-mingw32/nios2-elf/lib\libc.a(lib_a-closer.o)
 .bss           0x00813848        0x0 d:/altera/13.1/nios2eds/bin/gnu/h-i686-mingw32/bin/../lib/gcc/nios2-elf/4.7.3/../../../../../H-i686-mingw32/nios2-elf/lib\libc.a(lib_a-fclose.o)
 .bss           0x00813848        0x0 d:/altera/13.1/nios2eds/bin/gnu/h-i686-mingw32/bin/../lib/gcc/nios2-elf/4.7.3/../../../../../H-i686-mingw32/nios2-elf/lib\libc.a(lib_a-fstatr.o)
 .bss           0x00813848        0x0 d:/altera/13.1/nios2eds/bin/gnu/h-i686-mingw32/bin/../lib/gcc/nios2-elf/4.7.3/../../../../../H-i686-mingw32/nios2-elf/lib\libc.a(lib_a-int_errno.o)
 .bss           0x00813848        0x0 d:/altera/13.1/nios2eds/bin/gnu/h-i686-mingw32/bin/../lib/gcc/nios2-elf/4.7.3/../../../../../H-i686-mingw32/nios2-elf/lib\libc.a(lib_a-isattyr.o)
 .bss           0x00813848        0x0 d:/altera/13.1/nios2eds/bin/gnu/h-i686-mingw32/bin/../lib/gcc/nios2-elf/4.7.3/../../../../../H-i686-mingw32/nios2-elf/lib\libc.a(lib_a-lseekr.o)
 .bss           0x00813848        0x0 d:/altera/13.1/nios2eds/bin/gnu/h-i686-mingw32/bin/../lib/gcc/nios2-elf/4.7.3/../../../../../H-i686-mingw32/nios2-elf/lib\libc.a(lib_a-readr.o)
 .bss           0x00813848        0x0 d:/altera/13.1/nios2eds/bin/gnu/h-i686-mingw32/bin/../lib/gcc/nios2-elf/4.7.3\libgcc.a(_udivdi3.o)
 .bss           0x00813848        0x0 d:/altera/13.1/nios2eds/bin/gnu/h-i686-mingw32/bin/../lib/gcc/nios2-elf/4.7.3\libgcc.a(_umoddi3.o)
 .bss           0x00813848        0x0 d:/altera/13.1/nios2eds/bin/gnu/h-i686-mingw32/bin/../lib/gcc/nios2-elf/4.7.3\libgcc.a(_addsub_df.o)
 .bss           0x00813848        0x0 d:/altera/13.1/nios2eds/bin/gnu/h-i686-mingw32/bin/../lib/gcc/nios2-elf/4.7.3\libgcc.a(_eq_df.o)
 .bss           0x00813848        0x0 d:/altera/13.1/nios2eds/bin/gnu/h-i686-mingw32/bin/../lib/gcc/nios2-elf/4.7.3\libgcc.a(_ne_df.o)
 .bss           0x00813848        0x0 d:/altera/13.1/nios2eds/bin/gnu/h-i686-mingw32/bin/../lib/gcc/nios2-elf/4.7.3\libgcc.a(_gt_df.o)
 .bss           0x00813848        0x0 d:/altera/13.1/nios2eds/bin/gnu/h-i686-mingw32/bin/../lib/gcc/nios2-elf/4.7.3\libgcc.a(_ge_df.o)
 .bss           0x00813848        0x0 d:/altera/13.1/nios2eds/bin/gnu/h-i686-mingw32/bin/../lib/gcc/nios2-elf/4.7.3\libgcc.a(_lt_df.o)
 .bss           0x00813848        0x0 d:/altera/13.1/nios2eds/bin/gnu/h-i686-mingw32/bin/../lib/gcc/nios2-elf/4.7.3\libgcc.a(_si_to_df.o)
 .bss           0x00813848        0x0 d:/altera/13.1/nios2eds/bin/gnu/h-i686-mingw32/bin/../lib/gcc/nios2-elf/4.7.3\libgcc.a(_df_to_si.o)
 .bss           0x00813848        0x0 d:/altera/13.1/nios2eds/bin/gnu/h-i686-mingw32/bin/../lib/gcc/nios2-elf/4.7.3\libgcc.a(_usi_to_df.o)
 .bss           0x00813848        0x0 d:/altera/13.1/nios2eds/bin/gnu/h-i686-mingw32/bin/../lib/gcc/nios2-elf/4.7.3\libgcc.a(lib2-divmod.o)
 .bss           0x00813848        0x0 d:/altera/13.1/nios2eds/bin/gnu/h-i686-mingw32/bin/../lib/gcc/nios2-elf/4.7.3\libgcc.a(_clz.o)
 .bss           0x00813848        0x0 d:/altera/13.1/nios2eds/bin/gnu/h-i686-mingw32/bin/../lib/gcc/nios2-elf/4.7.3\libgcc.a(_clzsi2.o)
 .bss           0x00813848        0x0 d:/altera/13.1/nios2eds/bin/gnu/h-i686-mingw32/bin/../lib/gcc/nios2-elf/4.7.3\libgcc.a(_fpcmp_parts_df.o)
 .bss           0x00813848        0x0 ../ad_nios_bsp/\libhal_bsp.a(alt_close.o)
 .bss           0x00813848        0x0 ../ad_nios_bsp/\libhal_bsp.a(alt_dev.o)
 .bss           0x00813848        0x0 ../ad_nios_bsp/\libhal_bsp.a(alt_errno.o)
 .bss           0x00813848        0x0 ../ad_nios_bsp/\libhal_bsp.a(alt_fstat.o)
 .bss           0x00813848        0x0 ../ad_nios_bsp/\libhal_bsp.a(alt_iic.o)
 .bss           0x00813848        0x0 ../ad_nios_bsp/\libhal_bsp.a(alt_iic_isr_register.o)
 .bss           0x00813848        0x0 ../ad_nios_bsp/\libhal_bsp.a(alt_irq_entry.o)
 .bss           0x00813848        0x0 ../ad_nios_bsp/\libhal_bsp.a(alt_irq_handler.o)
 .bss           0x00813848        0x0 ../ad_nios_bsp/\libhal_bsp.a(alt_irq_vars.o)
 .bss           0x00813848        0x0 ../ad_nios_bsp/\libhal_bsp.a(alt_isatty.o)
 .bss           0x00813848        0x0 ../ad_nios_bsp/\libhal_bsp.a(alt_lseek.o)
 .bss           0x00813848        0x0 ../ad_nios_bsp/\libhal_bsp.a(alt_main.o)
 .bss           0x00813848        0x0 ../ad_nios_bsp/\libhal_bsp.a(alt_malloc_lock.o)
 .bss           0x00813848        0x0 ../ad_nios_bsp/\libhal_bsp.a(alt_read.o)
 .bss           0x00813848        0x0 ../ad_nios_bsp/\libhal_bsp.a(alt_release_fd.o)
 .bss           0x00813848        0x0 ../ad_nios_bsp/\libhal_bsp.a(alt_sbrk.o)
 .bss           0x00813848        0x0 ../ad_nios_bsp/\libhal_bsp.a(alt_usleep.o)
 .bss           0x00813848        0x0 ../ad_nios_bsp/\libhal_bsp.a(alt_write.o)
 .bss           0x00813848        0x0 ../ad_nios_bsp/\libhal_bsp.a(alt_sys_init.o)
 .bss           0x00813848        0x0 ../ad_nios_bsp/\libhal_bsp.a(altera_avalon_epcs_flash_controller.o)
 .bss           0x00813848        0x0 ../ad_nios_bsp/\libhal_bsp.a(altera_avalon_fifo_util.o)
 .bss           0x00813848        0x0 ../ad_nios_bsp/\libhal_bsp.a(altera_avalon_jtag_uart_fd.o)
 .bss           0x00813848        0x0 ../ad_nios_bsp/\libhal_bsp.a(altera_avalon_jtag_uart_init.o)
 .bss           0x00813848        0x0 ../ad_nios_bsp/\libhal_bsp.a(altera_avalon_jtag_uart_ioctl.o)
 .bss           0x00813848        0x0 ../ad_nios_bsp/\libhal_bsp.a(altera_avalon_jtag_uart_read.o)
 .bss           0x00813848        0x0 ../ad_nios_bsp/\libhal_bsp.a(altera_avalon_jtag_uart_write.o)
 .bss           0x00813848        0x0 ../ad_nios_bsp/\libhal_bsp.a(altera_avalon_timer_sc.o)
 .bss           0x00813848        0x0 ../ad_nios_bsp/\libhal_bsp.a(altera_avalon_uart_fd.o)
 .bss           0x00813848        0x0 ../ad_nios_bsp/\libhal_bsp.a(altera_avalon_uart_init.o)
 .bss           0x00813848        0x0 ../ad_nios_bsp/\libhal_bsp.a(altera_avalon_uart_read.o)
 .bss           0x00813848        0x0 ../ad_nios_bsp/\libhal_bsp.a(altera_avalon_uart_write.o)
 .bss           0x00813848        0x0 ../ad_nios_bsp/\libhal_bsp.a(altera_hostfs.o)
 .bss           0x00813848        0x0 ../ad_nios_bsp/\libhal_bsp.a(epcs_commands.o)
 .bss           0x00813848        0x0 ../ad_nios_bsp/\libhal_bsp.a(alt_alarm_start.o)
 .bss           0x00813848        0x0 ../ad_nios_bsp/\libhal_bsp.a(alt_busy_sleep.o)
 .bss           0x00813848        0x0 ../ad_nios_bsp/\libhal_bsp.a(alt_dev_llist_insert.o)
 .bss           0x00813848        0x0 ../ad_nios_bsp/\libhal_bsp.a(alt_exception_entry.o)
 .bss           0x00813848        0x0 ../ad_nios_bsp/\libhal_bsp.a(alt_flash_dev.o)
 .bss           0x00813848        0x0 ../ad_nios_bsp/\libhal_bsp.a(alt_fs_reg.o)
 .bss           0x00813848        0x0 ../ad_nios_bsp/\libhal_bsp.a(alt_io_redirect.o)
 .bss           0x00813848        0x0 ../ad_nios_bsp/\libhal_bsp.a(alt_open.o)
 .bss           0x00813848        0x0 ../ad_nios_bsp/\libhal_bsp.a(alt_tick.o)
 .bss           0x00813848        0x0 ../ad_nios_bsp/\libhal_bsp.a(altera_nios2_qsys_irq.o)
 .bss           0x00813848        0x0 ../ad_nios_bsp/\libhal_bsp.a(altera_avalon_spi.o)
 .bss           0x00813848        0x0 ../ad_nios_bsp/\libhal_bsp.a(alt_find_dev.o)
 .bss           0x00813848        0x0 ../ad_nios_bsp/\libhal_bsp.a(alt_find_file.o)
 .bss           0x00813848        0x0 ../ad_nios_bsp/\libhal_bsp.a(alt_get_fd.o)
 .bss           0x00813848        0x0 d:/altera/13.1/nios2eds/bin/gnu/h-i686-mingw32/bin/../lib/gcc/nios2-elf/4.7.3/../../../../../H-i686-mingw32/nios2-elf/lib\libc.a(lib_a-exit.o)
 .bss           0x00813848        0x0 d:/altera/13.1/nios2eds/bin/gnu/h-i686-mingw32/bin/../lib/gcc/nios2-elf/4.7.3/../../../../../H-i686-mingw32/nios2-elf/lib\libc.a(lib_a-memcmp.o)
 .bss           0x00813848        0x0 d:/altera/13.1/nios2eds/bin/gnu/h-i686-mingw32/bin/../lib/gcc/nios2-elf/4.7.3/../../../../../H-i686-mingw32/nios2-elf/lib\libc.a(lib_a-__call_atexit.o)
 .bss           0x00813848        0x0 ../ad_nios_bsp/\libhal_bsp.a(alt_exit.o)
 *(COMMON)
 COMMON         0x00813848      0x100 ../ad_nios_bsp/\libhal_bsp.a(alt_irq_handler.o)
                0x00813848                alt_irq
                0x00813948                . = ALIGN (0x4)
                0x00813948                __bss_end = ABSOLUTE (.)

.epcs           0x00000020        0x0
                0x00000020                PROVIDE (_alt_partition_epcs_start, ABSOLUTE (.))
 *(.epcs .epcs. epcs.*)
                0x00000020                . = ALIGN (0x4)
                0x00000020                PROVIDE (_alt_partition_epcs_end, ABSOLUTE (.))
                0x00000020                PROVIDE (_alt_partition_epcs_load_addr, LOADADDR (.epcs))

.sdram          0x00813948        0x0
                0x00813948                PROVIDE (_alt_partition_sdram_start, ABSOLUTE (.))
 *(.sdram .sdram. sdram.*)
                0x00813948                . = ALIGN (0x4)
                0x00813948                PROVIDE (_alt_partition_sdram_end, ABSOLUTE (.))
                0x00813948                _end = ABSOLUTE (.)
                0x00813948                end = ABSOLUTE (.)
                0x00813948                __alt_stack_base = ABSOLUTE (.)
                0x00813948                PROVIDE (_alt_partition_sdram_load_addr, LOADADDR (.sdram))

.stab
 *(.stab)

.stabstr
 *(.stabstr)

.stab.excl
 *(.stab.excl)

.stab.exclstr
 *(.stab.exclstr)

.stab.index
 *(.stab.index)

.stab.indexstr
 *(.stab.indexstr)

.comment        0x00000000       0x23
 *(.comment)
 .comment       0x00000000       0x23 obj/default/HAL/main.o
                                 0x24 (size before relaxing)
 .comment       0x00000000       0x24 obj/default/HAL/src/var.o
 .comment       0x00000000       0x24 d:/altera/13.1/nios2eds/bin/gnu/h-i686-mingw32/bin/../lib/gcc/nios2-elf/4.7.3/../../../../../H-i686-mingw32/nios2-elf/lib\libm.a(lib_a-sf_atan.o)
 .comment       0x00000000       0x24 d:/altera/13.1/nios2eds/bin/gnu/h-i686-mingw32/bin/../lib/gcc/nios2-elf/4.7.3/../../../../../H-i686-mingw32/nios2-elf/lib\libm.a(lib_a-sf_fabs.o)
 .comment       0x00000000       0x24 d:/altera/13.1/nios2eds/bin/gnu/h-i686-mingw32/bin/../lib/gcc/nios2-elf/4.7.3\libgcc.a(_addsub_sf.o)
 .comment       0x00000000       0x24 d:/altera/13.1/nios2eds/bin/gnu/h-i686-mingw32/bin/../lib/gcc/nios2-elf/4.7.3\libgcc.a(_mul_sf.o)
 .comment       0x00000000       0x24 d:/altera/13.1/nios2eds/bin/gnu/h-i686-mingw32/bin/../lib/gcc/nios2-elf/4.7.3\libgcc.a(_div_sf.o)
 .comment       0x00000000       0x24 d:/altera/13.1/nios2eds/bin/gnu/h-i686-mingw32/bin/../lib/gcc/nios2-elf/4.7.3\libgcc.a(_gt_sf.o)
 .comment       0x00000000       0x24 d:/altera/13.1/nios2eds/bin/gnu/h-i686-mingw32/bin/../lib/gcc/nios2-elf/4.7.3\libgcc.a(_sf_to_df.o)
 .comment       0x00000000       0x24 d:/altera/13.1/nios2eds/bin/gnu/h-i686-mingw32/bin/../lib/gcc/nios2-elf/4.7.3\libgcc.a(_thenan_sf.o)
 .comment       0x00000000       0x24 d:/altera/13.1/nios2eds/bin/gnu/h-i686-mingw32/bin/../lib/gcc/nios2-elf/4.7.3\libgcc.a(_mul_df.o)
 .comment       0x00000000       0x24 d:/altera/13.1/nios2eds/bin/gnu/h-i686-mingw32/bin/../lib/gcc/nios2-elf/4.7.3\libgcc.a(_div_df.o)
 .comment       0x00000000       0x24 d:/altera/13.1/nios2eds/bin/gnu/h-i686-mingw32/bin/../lib/gcc/nios2-elf/4.7.3\libgcc.a(_make_df.o)
 .comment       0x00000000       0x24 d:/altera/13.1/nios2eds/bin/gnu/h-i686-mingw32/bin/../lib/gcc/nios2-elf/4.7.3\libgcc.a(_df_to_sf.o)
 .comment       0x00000000       0x24 d:/altera/13.1/nios2eds/bin/gnu/h-i686-mingw32/bin/../lib/gcc/nios2-elf/4.7.3\libgcc.a(_thenan_df.o)
 .comment       0x00000000       0x24 d:/altera/13.1/nios2eds/bin/gnu/h-i686-mingw32/bin/../lib/gcc/nios2-elf/4.7.3\libgcc.a(_muldi3.o)
 .comment       0x00000000       0x24 d:/altera/13.1/nios2eds/bin/gnu/h-i686-mingw32/bin/../lib/gcc/nios2-elf/4.7.3\libgcc.a(_pack_sf.o)
 .comment       0x00000000       0x24 d:/altera/13.1/nios2eds/bin/gnu/h-i686-mingw32/bin/../lib/gcc/nios2-elf/4.7.3\libgcc.a(_unpack_sf.o)
 .comment       0x00000000       0x24 d:/altera/13.1/nios2eds/bin/gnu/h-i686-mingw32/bin/../lib/gcc/nios2-elf/4.7.3\libgcc.a(_fpcmp_parts_sf.o)
 .comment       0x00000000       0x24 d:/altera/13.1/nios2eds/bin/gnu/h-i686-mingw32/bin/../lib/gcc/nios2-elf/4.7.3\libgcc.a(_make_sf.o)
 .comment       0x00000000       0x24 d:/altera/13.1/nios2eds/bin/gnu/h-i686-mingw32/bin/../lib/gcc/nios2-elf/4.7.3\libgcc.a(_pack_df.o)
 .comment       0x00000000       0x24 d:/altera/13.1/nios2eds/bin/gnu/h-i686-mingw32/bin/../lib/gcc/nios2-elf/4.7.3\libgcc.a(_unpack_df.o)
 .comment       0x00000000       0x24 d:/altera/13.1/nios2eds/bin/gnu/h-i686-mingw32/bin/../lib/gcc/nios2-elf/4.7.3\libgcc.a(_lshrdi3.o)
 .comment       0x00000000       0x24 d:/altera/13.1/nios2eds/bin/gnu/h-i686-mingw32/bin/../lib/gcc/nios2-elf/4.7.3\libgcc.a(_ashldi3.o)
 .comment       0x00000000       0x24 d:/altera/13.1/nios2eds/bin/gnu/h-i686-mingw32/bin/../lib/gcc/nios2-elf/4.7.3/../../../../../H-i686-mingw32/nios2-elf/lib\libc.a(lib_a-printf.o)
 .comment       0x00000000       0x24 d:/altera/13.1/nios2eds/bin/gnu/h-i686-mingw32/bin/../lib/gcc/nios2-elf/4.7.3/../../../../../H-i686-mingw32/nios2-elf/lib\libc.a(lib_a-vfprintf.o)
 .comment       0x00000000       0x24 d:/altera/13.1/nios2eds/bin/gnu/h-i686-mingw32/bin/../lib/gcc/nios2-elf/4.7.3/../../../../../H-i686-mingw32/nios2-elf/lib\libc.a(lib_a-wsetup.o)
 .comment       0x00000000       0x24 d:/altera/13.1/nios2eds/bin/gnu/h-i686-mingw32/bin/../lib/gcc/nios2-elf/4.7.3/../../../../../H-i686-mingw32/nios2-elf/lib\libc.a(lib_a-dtoa.o)
 .comment       0x00000000       0x24 d:/altera/13.1/nios2eds/bin/gnu/h-i686-mingw32/bin/../lib/gcc/nios2-elf/4.7.3/../../../../../H-i686-mingw32/nios2-elf/lib\libc.a(lib_a-fflush.o)
 .comment       0x00000000       0x24 d:/altera/13.1/nios2eds/bin/gnu/h-i686-mingw32/bin/../lib/gcc/nios2-elf/4.7.3/../../../../../H-i686-mingw32/nios2-elf/lib\libc.a(lib_a-findfp.o)
 .comment       0x00000000       0x24 d:/altera/13.1/nios2eds/bin/gnu/h-i686-mingw32/bin/../lib/gcc/nios2-elf/4.7.3/../../../../../H-i686-mingw32/nios2-elf/lib\libc.a(lib_a-freer.o)
 .comment       0x00000000       0x24 d:/altera/13.1/nios2eds/bin/gnu/h-i686-mingw32/bin/../lib/gcc/nios2-elf/4.7.3/../../../../../H-i686-mingw32/nios2-elf/lib\libc.a(lib_a-fvwrite.o)
 .comment       0x00000000       0x24 d:/altera/13.1/nios2eds/bin/gnu/h-i686-mingw32/bin/../lib/gcc/nios2-elf/4.7.3/../../../../../H-i686-mingw32/nios2-elf/lib\libc.a(lib_a-fwalk.o)
 .comment       0x00000000       0x24 d:/altera/13.1/nios2eds/bin/gnu/h-i686-mingw32/bin/../lib/gcc/nios2-elf/4.7.3/../../../../../H-i686-mingw32/nios2-elf/lib\libc.a(lib_a-impure.o)
 .comment       0x00000000       0x24 d:/altera/13.1/nios2eds/bin/gnu/h-i686-mingw32/bin/../lib/gcc/nios2-elf/4.7.3/../../../../../H-i686-mingw32/nios2-elf/lib\libc.a(lib_a-locale.o)
 .comment       0x00000000       0x24 d:/altera/13.1/nios2eds/bin/gnu/h-i686-mingw32/bin/../lib/gcc/nios2-elf/4.7.3/../../../../../H-i686-mingw32/nios2-elf/lib\libc.a(lib_a-makebuf.o)
 .comment       0x00000000       0x24 d:/altera/13.1/nios2eds/bin/gnu/h-i686-mingw32/bin/../lib/gcc/nios2-elf/4.7.3/../../../../../H-i686-mingw32/nios2-elf/lib\libc.a(lib_a-mallocr.o)
 .comment       0x00000000       0x24 d:/altera/13.1/nios2eds/bin/gnu/h-i686-mingw32/bin/../lib/gcc/nios2-elf/4.7.3/../../../../../H-i686-mingw32/nios2-elf/lib\libc.a(lib_a-memchr.o)
 .comment       0x00000000       0x24 d:/altera/13.1/nios2eds/bin/gnu/h-i686-mingw32/bin/../lib/gcc/nios2-elf/4.7.3/../../../../../H-i686-mingw32/nios2-elf/lib\libc.a(lib_a-memcpy.o)
 .comment       0x00000000       0x24 d:/altera/13.1/nios2eds/bin/gnu/h-i686-mingw32/bin/../lib/gcc/nios2-elf/4.7.3/../../../../../H-i686-mingw32/nios2-elf/lib\libc.a(lib_a-memmove.o)
 .comment       0x00000000       0x24 d:/altera/13.1/nios2eds/bin/gnu/h-i686-mingw32/bin/../lib/gcc/nios2-elf/4.7.3/../../../../../H-i686-mingw32/nios2-elf/lib\libc.a(lib_a-memset.o)
 .comment       0x00000000       0x24 d:/altera/13.1/nios2eds/bin/gnu/h-i686-mingw32/bin/../lib/gcc/nios2-elf/4.7.3/../../../../../H-i686-mingw32/nios2-elf/lib\libc.a(lib_a-mprec.o)
 .comment       0x00000000       0x24 d:/altera/13.1/nios2eds/bin/gnu/h-i686-mingw32/bin/../lib/gcc/nios2-elf/4.7.3/../../../../../H-i686-mingw32/nios2-elf/lib\libc.a(lib_a-reallocr.o)
 .comment       0x00000000       0x24 d:/altera/13.1/nios2eds/bin/gnu/h-i686-mingw32/bin/../lib/gcc/nios2-elf/4.7.3/../../../../../H-i686-mingw32/nios2-elf/lib\libc.a(lib_a-s_isinfd.o)
 .comment       0x00000000       0x24 d:/altera/13.1/nios2eds/bin/gnu/h-i686-mingw32/bin/../lib/gcc/nios2-elf/4.7.3/../../../../../H-i686-mingw32/nios2-elf/lib\libc.a(lib_a-s_isnand.o)
 .comment       0x00000000       0x24 d:/altera/13.1/nios2eds/bin/gnu/h-i686-mingw32/bin/../lib/gcc/nios2-elf/4.7.3/../../../../../H-i686-mingw32/nios2-elf/lib\libc.a(lib_a-sbrkr.o)
 .comment       0x00000000       0x24 d:/altera/13.1/nios2eds/bin/gnu/h-i686-mingw32/bin/../lib/gcc/nios2-elf/4.7.3/../../../../../H-i686-mingw32/nios2-elf/lib\libc.a(lib_a-stdio.o)
 .comment       0x00000000       0x24 d:/altera/13.1/nios2eds/bin/gnu/h-i686-mingw32/bin/../lib/gcc/nios2-elf/4.7.3/../../../../../H-i686-mingw32/nios2-elf/lib\libc.a(lib_a-strcmp.o)
 .comment       0x00000000       0x24 d:/altera/13.1/nios2eds/bin/gnu/h-i686-mingw32/bin/../lib/gcc/nios2-elf/4.7.3/../../../../../H-i686-mingw32/nios2-elf/lib\libc.a(lib_a-strlen.o)
 .comment       0x00000000       0x24 d:/altera/13.1/nios2eds/bin/gnu/h-i686-mingw32/bin/../lib/gcc/nios2-elf/4.7.3/../../../../../H-i686-mingw32/nios2-elf/lib\libc.a(lib_a-writer.o)
 .comment       0x00000000       0x24 d:/altera/13.1/nios2eds/bin/gnu/h-i686-mingw32/bin/../lib/gcc/nios2-elf/4.7.3/../../../../../H-i686-mingw32/nios2-elf/lib\libc.a(lib_a-callocr.o)
 .comment       0x00000000       0x24 d:/altera/13.1/nios2eds/bin/gnu/h-i686-mingw32/bin/../lib/gcc/nios2-elf/4.7.3/../../../../../H-i686-mingw32/nios2-elf/lib\libc.a(lib_a-closer.o)
 .comment       0x00000000       0x24 d:/altera/13.1/nios2eds/bin/gnu/h-i686-mingw32/bin/../lib/gcc/nios2-elf/4.7.3/../../../../../H-i686-mingw32/nios2-elf/lib\libc.a(lib_a-fclose.o)
 .comment       0x00000000       0x24 d:/altera/13.1/nios2eds/bin/gnu/h-i686-mingw32/bin/../lib/gcc/nios2-elf/4.7.3/../../../../../H-i686-mingw32/nios2-elf/lib\libc.a(lib_a-fstatr.o)
 .comment       0x00000000       0x24 d:/altera/13.1/nios2eds/bin/gnu/h-i686-mingw32/bin/../lib/gcc/nios2-elf/4.7.3/../../../../../H-i686-mingw32/nios2-elf/lib\libc.a(lib_a-int_errno.o)
 .comment       0x00000000       0x24 d:/altera/13.1/nios2eds/bin/gnu/h-i686-mingw32/bin/../lib/gcc/nios2-elf/4.7.3/../../../../../H-i686-mingw32/nios2-elf/lib\libc.a(lib_a-isattyr.o)
 .comment       0x00000000       0x24 d:/altera/13.1/nios2eds/bin/gnu/h-i686-mingw32/bin/../lib/gcc/nios2-elf/4.7.3/../../../../../H-i686-mingw32/nios2-elf/lib\libc.a(lib_a-lseekr.o)
 .comment       0x00000000       0x24 d:/altera/13.1/nios2eds/bin/gnu/h-i686-mingw32/bin/../lib/gcc/nios2-elf/4.7.3/../../../../../H-i686-mingw32/nios2-elf/lib\libc.a(lib_a-readr.o)
 .comment       0x00000000       0x24 d:/altera/13.1/nios2eds/bin/gnu/h-i686-mingw32/bin/../lib/gcc/nios2-elf/4.7.3\libgcc.a(_udivdi3.o)
 .comment       0x00000000       0x24 d:/altera/13.1/nios2eds/bin/gnu/h-i686-mingw32/bin/../lib/gcc/nios2-elf/4.7.3\libgcc.a(_umoddi3.o)
 .comment       0x00000000       0x24 d:/altera/13.1/nios2eds/bin/gnu/h-i686-mingw32/bin/../lib/gcc/nios2-elf/4.7.3\libgcc.a(_addsub_df.o)
 .comment       0x00000000       0x24 d:/altera/13.1/nios2eds/bin/gnu/h-i686-mingw32/bin/../lib/gcc/nios2-elf/4.7.3\libgcc.a(_eq_df.o)
 .comment       0x00000000       0x24 d:/altera/13.1/nios2eds/bin/gnu/h-i686-mingw32/bin/../lib/gcc/nios2-elf/4.7.3\libgcc.a(_ne_df.o)
 .comment       0x00000000       0x24 d:/altera/13.1/nios2eds/bin/gnu/h-i686-mingw32/bin/../lib/gcc/nios2-elf/4.7.3\libgcc.a(_gt_df.o)
 .comment       0x00000000       0x24 d:/altera/13.1/nios2eds/bin/gnu/h-i686-mingw32/bin/../lib/gcc/nios2-elf/4.7.3\libgcc.a(_ge_df.o)
 .comment       0x00000000       0x24 d:/altera/13.1/nios2eds/bin/gnu/h-i686-mingw32/bin/../lib/gcc/nios2-elf/4.7.3\libgcc.a(_lt_df.o)
 .comment       0x00000000       0x24 d:/altera/13.1/nios2eds/bin/gnu/h-i686-mingw32/bin/../lib/gcc/nios2-elf/4.7.3\libgcc.a(_si_to_df.o)
 .comment       0x00000000       0x24 d:/altera/13.1/nios2eds/bin/gnu/h-i686-mingw32/bin/../lib/gcc/nios2-elf/4.7.3\libgcc.a(_df_to_si.o)
 .comment       0x00000000       0x24 d:/altera/13.1/nios2eds/bin/gnu/h-i686-mingw32/bin/../lib/gcc/nios2-elf/4.7.3\libgcc.a(_usi_to_df.o)
 .comment       0x00000000       0x24 d:/altera/13.1/nios2eds/bin/gnu/h-i686-mingw32/bin/../lib/gcc/nios2-elf/4.7.3\libgcc.a(lib2-divmod.o)
 .comment       0x00000000       0x24 d:/altera/13.1/nios2eds/bin/gnu/h-i686-mingw32/bin/../lib/gcc/nios2-elf/4.7.3\libgcc.a(_clz.o)
 .comment       0x00000000       0x24 d:/altera/13.1/nios2eds/bin/gnu/h-i686-mingw32/bin/../lib/gcc/nios2-elf/4.7.3\libgcc.a(_clzsi2.o)
 .comment       0x00000000       0x24 d:/altera/13.1/nios2eds/bin/gnu/h-i686-mingw32/bin/../lib/gcc/nios2-elf/4.7.3\libgcc.a(_fpcmp_parts_df.o)
 .comment       0x00000000       0x24 ../ad_nios_bsp/\libhal_bsp.a(alt_close.o)
 .comment       0x00000000       0x24 ../ad_nios_bsp/\libhal_bsp.a(alt_dev.o)
 .comment       0x00000000       0x24 ../ad_nios_bsp/\libhal_bsp.a(alt_errno.o)
 .comment       0x00000000       0x24 ../ad_nios_bsp/\libhal_bsp.a(alt_fstat.o)
 .comment       0x00000000       0x24 ../ad_nios_bsp/\libhal_bsp.a(alt_iic.o)
 .comment       0x00000000       0x24 ../ad_nios_bsp/\libhal_bsp.a(alt_iic_isr_register.o)
 .comment       0x00000000       0x24 ../ad_nios_bsp/\libhal_bsp.a(alt_irq_handler.o)
 .comment       0x00000000       0x24 ../ad_nios_bsp/\libhal_bsp.a(alt_irq_vars.o)
 .comment       0x00000000       0x24 ../ad_nios_bsp/\libhal_bsp.a(alt_isatty.o)
 .comment       0x00000000       0x24 ../ad_nios_bsp/\libhal_bsp.a(alt_lseek.o)
 .comment       0x00000000       0x24 ../ad_nios_bsp/\libhal_bsp.a(alt_main.o)
 .comment       0x00000000       0x24 ../ad_nios_bsp/\libhal_bsp.a(alt_malloc_lock.o)
 .comment       0x00000000       0x24 ../ad_nios_bsp/\libhal_bsp.a(alt_read.o)
 .comment       0x00000000       0x24 ../ad_nios_bsp/\libhal_bsp.a(alt_release_fd.o)
 .comment       0x00000000       0x24 ../ad_nios_bsp/\libhal_bsp.a(alt_sbrk.o)
 .comment       0x00000000       0x24 ../ad_nios_bsp/\libhal_bsp.a(alt_usleep.o)
 .comment       0x00000000       0x24 ../ad_nios_bsp/\libhal_bsp.a(alt_write.o)
 .comment       0x00000000       0x24 ../ad_nios_bsp/\libhal_bsp.a(alt_sys_init.o)
 .comment       0x00000000       0x24 ../ad_nios_bsp/\libhal_bsp.a(altera_avalon_epcs_flash_controller.o)
 .comment       0x00000000       0x24 ../ad_nios_bsp/\libhal_bsp.a(altera_avalon_fifo_util.o)
 .comment       0x00000000       0x24 ../ad_nios_bsp/\libhal_bsp.a(altera_avalon_jtag_uart_fd.o)
 .comment       0x00000000       0x24 ../ad_nios_bsp/\libhal_bsp.a(altera_avalon_jtag_uart_init.o)
 .comment       0x00000000       0x24 ../ad_nios_bsp/\libhal_bsp.a(altera_avalon_jtag_uart_ioctl.o)
 .comment       0x00000000       0x24 ../ad_nios_bsp/\libhal_bsp.a(altera_avalon_jtag_uart_read.o)
 .comment       0x00000000       0x24 ../ad_nios_bsp/\libhal_bsp.a(altera_avalon_jtag_uart_write.o)
 .comment       0x00000000       0x24 ../ad_nios_bsp/\libhal_bsp.a(altera_avalon_timer_sc.o)
 .comment       0x00000000       0x24 ../ad_nios_bsp/\libhal_bsp.a(altera_avalon_uart_fd.o)
 .comment       0x00000000       0x24 ../ad_nios_bsp/\libhal_bsp.a(altera_avalon_uart_init.o)
 .comment       0x00000000       0x24 ../ad_nios_bsp/\libhal_bsp.a(altera_avalon_uart_read.o)
 .comment       0x00000000       0x24 ../ad_nios_bsp/\libhal_bsp.a(altera_avalon_uart_write.o)
 .comment       0x00000000       0x24 ../ad_nios_bsp/\libhal_bsp.a(altera_hostfs.o)
 .comment       0x00000000       0x24 ../ad_nios_bsp/\libhal_bsp.a(epcs_commands.o)
 .comment       0x00000000       0x24 ../ad_nios_bsp/\libhal_bsp.a(alt_alarm_start.o)
 .comment       0x00000000       0x24 ../ad_nios_bsp/\libhal_bsp.a(alt_busy_sleep.o)
 .comment       0x00000000       0x24 ../ad_nios_bsp/\libhal_bsp.a(alt_dev_llist_insert.o)
 .comment       0x00000000       0x24 ../ad_nios_bsp/\libhal_bsp.a(alt_flash_dev.o)
 .comment       0x00000000       0x24 ../ad_nios_bsp/\libhal_bsp.a(alt_fs_reg.o)
 .comment       0x00000000       0x24 ../ad_nios_bsp/\libhal_bsp.a(alt_io_redirect.o)
 .comment       0x00000000       0x24 ../ad_nios_bsp/\libhal_bsp.a(alt_open.o)
 .comment       0x00000000       0x24 ../ad_nios_bsp/\libhal_bsp.a(alt_tick.o)
 .comment       0x00000000       0x24 ../ad_nios_bsp/\libhal_bsp.a(altera_nios2_qsys_irq.o)
 .comment       0x00000000       0x24 ../ad_nios_bsp/\libhal_bsp.a(altera_avalon_spi.o)
 .comment       0x00000000       0x24 ../ad_nios_bsp/\libhal_bsp.a(alt_find_dev.o)
 .comment       0x00000000       0x24 ../ad_nios_bsp/\libhal_bsp.a(alt_find_file.o)
 .comment       0x00000000       0x24 ../ad_nios_bsp/\libhal_bsp.a(alt_get_fd.o)
 .comment       0x00000000       0x24 d:/altera/13.1/nios2eds/bin/gnu/h-i686-mingw32/bin/../lib/gcc/nios2-elf/4.7.3/../../../../../H-i686-mingw32/nios2-elf/lib\libc.a(lib_a-exit.o)
 .comment       0x00000000       0x24 d:/altera/13.1/nios2eds/bin/gnu/h-i686-mingw32/bin/../lib/gcc/nios2-elf/4.7.3/../../../../../H-i686-mingw32/nios2-elf/lib\libc.a(lib_a-memcmp.o)
 .comment       0x00000000       0x24 d:/altera/13.1/nios2eds/bin/gnu/h-i686-mingw32/bin/../lib/gcc/nios2-elf/4.7.3/../../../../../H-i686-mingw32/nios2-elf/lib\libc.a(lib_a-__call_atexit.o)
 .comment       0x00000000       0x24 ../ad_nios_bsp/\libhal_bsp.a(alt_exit.o)

.debug
 *(.debug)

.line
 *(.line)

.debug_srcinfo
 *(.debug_srcinfo)

.debug_sfnames
 *(.debug_sfnames)

.debug_aranges  0x00000000      0xf88
 *(.debug_aranges)
 .debug_aranges
                0x00000000       0x20 ../ad_nios_bsp//obj/HAL/src/crt0.o
 .debug_aranges
                0x00000020       0x20 obj/default/HAL/main.o
 .debug_aranges
                0x00000040       0x18 obj/default/HAL/src/var.o
 .debug_aranges
                0x00000058       0x20 d:/altera/13.1/nios2eds/bin/gnu/h-i686-mingw32/bin/../lib/gcc/nios2-elf/4.7.3/../../../../../H-i686-mingw32/nios2-elf/lib\libm.a(lib_a-sf_atan.o)
 .debug_aranges
                0x00000078       0x20 d:/altera/13.1/nios2eds/bin/gnu/h-i686-mingw32/bin/../lib/gcc/nios2-elf/4.7.3/../../../../../H-i686-mingw32/nios2-elf/lib\libm.a(lib_a-sf_fabs.o)
 .debug_aranges
                0x00000098       0x20 d:/altera/13.1/nios2eds/bin/gnu/h-i686-mingw32/bin/../lib/gcc/nios2-elf/4.7.3\libgcc.a(_addsub_sf.o)
 .debug_aranges